Archive member included to satisfy reference by file (symbol)

libdrivers.a(stm32f1xx_hal.c.obj)
                              CMakeFiles/hw01.dir/Core/Src/main.c.obj (HAL_Init)
libdrivers.a(stm32f1xx_hal_can.c.obj)
                              CMakeFiles/hw01.dir/Core/Src/can.c.obj (HAL_CAN_Init)
libdrivers.a(stm32f1xx_hal_cortex.c.obj)
                              libdrivers.a(stm32f1xx_hal.c.obj) (HAL_NVIC_SetPriorityGrouping)
libdrivers.a(stm32f1xx_hal_dma.c.obj)
                              CMakeFiles/hw01.dir/Core/Src/usart.c.obj (HAL_DMA_Init)
libdrivers.a(stm32f1xx_hal_gpio.c.obj)
                              CMakeFiles/hw01.dir/Core/Src/can.c.obj (HAL_GPIO_Init)
libdrivers.a(stm32f1xx_hal_rcc.c.obj)
                              CMakeFiles/hw01.dir/Core/Src/main.c.obj (HAL_RCC_OscConfig)
libdrivers.a(stm32f1xx_hal_tim.c.obj)
                              CMakeFiles/hw01.dir/Core/Src/tim.c.obj (HAL_TIM_Base_Init)
libdrivers.a(stm32f1xx_hal_tim_ex.c.obj)
                              libdrivers.a(stm32f1xx_hal_tim.c.obj) (TIMEx_DMACommutationCplt)
libdrivers.a(stm32f1xx_hal_uart.c.obj)
                              CMakeFiles/hw01.dir/Core/Src/usart.c.obj (HAL_UART_Init)
E:/HWer/gnu_arm_embedded_toolchain/bin/../lib/gcc/arm-none-eabi/14.3.1/../../../../arm-none-eabi/lib/thumb/v7-m/nofp\libm.a(libm_a-sf_sin.o)
                              CMakeFiles/hw01.dir/Tasks/main_task.cpp.obj (sinf)
E:/HWer/gnu_arm_embedded_toolchain/bin/../lib/gcc/arm-none-eabi/14.3.1/../../../../arm-none-eabi/lib/thumb/v7-m/nofp\libm.a(libm_a-kf_cos.o)
                              E:/HWer/gnu_arm_embedded_toolchain/bin/../lib/gcc/arm-none-eabi/14.3.1/../../../../arm-none-eabi/lib/thumb/v7-m/nofp\libm.a(libm_a-sf_sin.o) (__kernel_cosf)
E:/HWer/gnu_arm_embedded_toolchain/bin/../lib/gcc/arm-none-eabi/14.3.1/../../../../arm-none-eabi/lib/thumb/v7-m/nofp\libm.a(libm_a-kf_sin.o)
                              E:/HWer/gnu_arm_embedded_toolchain/bin/../lib/gcc/arm-none-eabi/14.3.1/../../../../arm-none-eabi/lib/thumb/v7-m/nofp\libm.a(libm_a-sf_sin.o) (__kernel_sinf)
E:/HWer/gnu_arm_embedded_toolchain/bin/../lib/gcc/arm-none-eabi/14.3.1/../../../../arm-none-eabi/lib/thumb/v7-m/nofp\libm.a(libm_a-ef_rem_pio2.o)
                              E:/HWer/gnu_arm_embedded_toolchain/bin/../lib/gcc/arm-none-eabi/14.3.1/../../../../arm-none-eabi/lib/thumb/v7-m/nofp\libm.a(libm_a-sf_sin.o) (__ieee754_rem_pio2f)
E:/HWer/gnu_arm_embedded_toolchain/bin/../lib/gcc/arm-none-eabi/14.3.1/../../../../arm-none-eabi/lib/thumb/v7-m/nofp\libm.a(libm_a-sf_fabs.o)
                              E:/HWer/gnu_arm_embedded_toolchain/bin/../lib/gcc/arm-none-eabi/14.3.1/../../../../arm-none-eabi/lib/thumb/v7-m/nofp\libm.a(libm_a-ef_rem_pio2.o) (fabsf)
E:/HWer/gnu_arm_embedded_toolchain/bin/../lib/gcc/arm-none-eabi/14.3.1/../../../../arm-none-eabi/lib/thumb/v7-m/nofp\libm.a(libm_a-kf_rem_pio2.o)
                              E:/HWer/gnu_arm_embedded_toolchain/bin/../lib/gcc/arm-none-eabi/14.3.1/../../../../arm-none-eabi/lib/thumb/v7-m/nofp\libm.a(libm_a-ef_rem_pio2.o) (__kernel_rem_pio2f)
E:/HWer/gnu_arm_embedded_toolchain/bin/../lib/gcc/arm-none-eabi/14.3.1/../../../../arm-none-eabi/lib/thumb/v7-m/nofp\libm.a(libm_a-sf_scalbn.o)
                              E:/HWer/gnu_arm_embedded_toolchain/bin/../lib/gcc/arm-none-eabi/14.3.1/../../../../arm-none-eabi/lib/thumb/v7-m/nofp\libm.a(libm_a-kf_rem_pio2.o) (scalbnf)
E:/HWer/gnu_arm_embedded_toolchain/bin/../lib/gcc/arm-none-eabi/14.3.1/../../../../arm-none-eabi/lib/thumb/v7-m/nofp\libm.a(libm_a-sf_floor.o)
                              E:/HWer/gnu_arm_embedded_toolchain/bin/../lib/gcc/arm-none-eabi/14.3.1/../../../../arm-none-eabi/lib/thumb/v7-m/nofp\libm.a(libm_a-kf_rem_pio2.o) (floorf)
E:/HWer/gnu_arm_embedded_toolchain/bin/../lib/gcc/arm-none-eabi/14.3.1/../../../../arm-none-eabi/lib/thumb/v7-m/nofp\libc_nano.a(libc_a-exit.o)
                              E:/HWer/gnu_arm_embedded_toolchain/bin/../lib/gcc/arm-none-eabi/14.3.1/../../../../arm-none-eabi/lib/thumb/v7-m/nofp/crt0.o (exit)
E:/HWer/gnu_arm_embedded_toolchain/bin/../lib/gcc/arm-none-eabi/14.3.1/../../../../arm-none-eabi/lib/thumb/v7-m/nofp\libc_nano.a(libc_a-findfp.o)
                              E:/HWer/gnu_arm_embedded_toolchain/bin/../lib/gcc/arm-none-eabi/14.3.1/../../../../arm-none-eabi/lib/thumb/v7-m/nofp\libc_nano.a(libc_a-exit.o) (__stdio_exit_handler)
E:/HWer/gnu_arm_embedded_toolchain/bin/../lib/gcc/arm-none-eabi/14.3.1/../../../../arm-none-eabi/lib/thumb/v7-m/nofp\libc_nano.a(libc_a-fwalk.o)
                              E:/HWer/gnu_arm_embedded_toolchain/bin/../lib/gcc/arm-none-eabi/14.3.1/../../../../arm-none-eabi/lib/thumb/v7-m/nofp\libc_nano.a(libc_a-findfp.o) (_fwalk_sglue)
E:/HWer/gnu_arm_embedded_toolchain/bin/../lib/gcc/arm-none-eabi/14.3.1/../../../../arm-none-eabi/lib/thumb/v7-m/nofp\libc_nano.a(libc_a-stdio.o)
[...]
Memory Configuration

Name             Origin             Length             Attributes
RAM              0x20000000         0x00005000         xrw
FLASH            0x08000000         0x00010000         xr
*default*        0x00000000         0xffffffff

Linker script and memory map

LOAD E:/HWer/gnu_arm_embedded_toolchain/bin/../lib/gcc/arm-none-eabi/14.3.1/thumb/v7-m/nofp/crti.o
LOAD E:/HWer/gnu_arm_embedded_toolchain/bin/../lib/gcc/arm-none-eabi/14.3.1/thumb/v7-m/nofp/crtbegin.o
LOAD E:/HWer/gnu_arm_embedded_toolchain/bin/../lib/gcc/arm-none-eabi/14.3.1/../../../../arm-none-eabi/lib/thumb/v7-m/nofp/crt0.o
START GROUP
END GROUP
START GROUP
LOAD E:/HWer/gnu_arm_embedded_toolchain/bin/../lib/gcc/arm-none-eabi/14.3.1/../../../../arm-none-eabi/lib/thumb/v7-m/nofp\libstdc++_nano.a
LOAD E:/HWer/gnu_arm_embedded_toolchain/bin/../lib/gcc/arm-none-eabi/14.3.1/../../../../arm-none-eabi/lib/thumb/v7-m/nofp\libsupc++_nano.a
END GROUP
LOAD CMakeFiles/hw01.dir/Core/Src/can.c.obj
LOAD CMakeFiles/hw01.dir/Core/Src/dma.c.obj
LOAD CMakeFiles/hw01.dir/Core/Src/gpio.c.obj
LOAD CMakeFiles/hw01.dir/Core/Src/main.c.obj
LOAD CMakeFiles/hw01.dir/Core/Src/stm32f1xx_hal_msp.c.obj
LOAD CMakeFiles/hw01.dir/Core/Src/stm32f1xx_it.c.obj
LOAD CMakeFiles/hw01.dir/Core/Src/syscalls.c.obj
LOAD CMakeFiles/hw01.dir/Core/Src/sysmem.c.obj
LOAD CMakeFiles/hw01.dir/Core/Src/system_stm32f1xx.c.obj
LOAD CMakeFiles/hw01.dir/Core/Src/tim.c.obj
LOAD CMakeFiles/hw01.dir/Core/Src/usart.c.obj
LOAD CMakeFiles/hw01.dir/Tasks/main_task.cpp.obj
LOAD CMakeFiles/hw01.dir/Resources/HW_can.cpp.obj
LOAD CMakeFiles/hw01.dir/startup_stm32f103xb.s.obj
LOAD libdrivers.a
LOAD E:/HWer/gnu_arm_embedded_toolchain/bin/../lib/gcc/arm-none-eabi/14.3.1/../../../../arm-none-eabi/lib/thumb/v7-m/nofp\libstdc++_nano.a
LOAD E:/HWer/gnu_arm_embedded_toolchain/bin/../lib/gcc/arm-none-eabi/14.3.1/../../../../arm-none-eabi/lib/thumb/v7-m/nofp\libm.a
LOAD E:/HWer/gnu_arm_embedded_toolchain/bin/../lib/gcc/arm-none-eabi/14.3.1/../../../../arm-none-eabi/lib/thumb/v7-m/nofp\libc_nano.a
START GROUP
LOAD E:/HWer/gnu_arm_embedded_toolchain/bin/../lib/gcc/arm-none-eabi/14.3.1/thumb/v7-m/nofp\libgcc.a
LOAD E:/HWer/gnu_arm_embedded_toolchain/bin/../lib/gcc/arm-none-eabi/14.3.1/../../../../arm-none-eabi/lib/thumb/v7-m/nofp\libg_nano.a
LOAD E:/HWer/gnu_arm_embedded_toolchain/bin/../lib/gcc/arm-none-eabi/14.3.1/../../../../arm-none-eabi/lib/thumb/v7-m/nofp\libc_nano.a
END GROUP
START GROUP
LOAD E:/HWer/gnu_arm_embedded_toolchain/bin/../lib/gcc/arm-none-eabi/14.3.1/thumb/v7-m/nofp\libgcc.a
LOAD E:/HWer/gnu_arm_embedded_toolchain/bin/../lib/gcc/arm-none-eabi/14.3.1/../../../../arm-none-eabi/lib/thumb/v7-m/nofp\libc_nano.a
END GROUP
LOAD E:/HWer/gnu_arm_embedded_toolchain/bin/../lib/gcc/arm-none-eabi/14.3.1/thumb/v7-m/nofp/crtend.o
LOAD E:/HWer/gnu_arm_embedded_toolchain/bin/../lib/gcc/arm-none-eabi/14.3.1/thumb/v7-m/nofp/crtn.o
                0x20005000                        _estack = (ORIGIN (RAM) + LENGTH (RAM))
                0x00000200                        _Min_Heap_Size = 0x200
                0x00000400                        _Min_Stack_Size = 0x400

.isr_vector     0x08000000      0x10c
                0x08000000                        . = ALIGN (0x4)
 *(.isr_vector)
 .isr_vector    0x08000000      0x10c CMakeFiles/hw01.dir/startup_stm32f103xb.s.obj
                0x08000000                g_pfnVectors
                0x0800010c                        . = ALIGN (0x4)

.text           0x08000110     0x7560
                0x08000110                        . = ALIGN (0x4)
 *(.text)
 .text          0x08000110      0x168 E:/HWer/gnu_arm_embedded_toolchain/bin/../lib/gcc/arm-none-eabi/14.3.1/thumb/v7-m/nofp\libgcc.a(_arm_mulsf3.o)
                0x08000110                __aeabi_fmul
                0x08000110                __mulsf3
 .text          0x08000278      0x378 E:/HWer/gnu_arm_embedded_toolchain/bin/../lib/gcc/arm-none-eabi/14.3.1/thumb/v7-m/nofp\libgcc.a(_arm_addsubdf3.o)
                0x08000278                __aeabi_drsub
                0x08000280                __aeabi_dsub
                0x08000280                __subdf3
                0x08000284                __aeabi_dadd
                0x08000284                __adddf3
                0x080004fc                __floatunsidf
                0x080004fc                __aeabi_ui2d
                0x0800051c                __floatsidf
                0x0800051c                __aeabi_i2d
                0x08000540                __aeabi_f2d
                0x08000540                __extendsfdf2
                0x08000584                __floatundidf
                0x08000584                __aeabi_ul2d
                0x08000594                __floatdidf
                0x08000594                __aeabi_l2d
 .text          0x080005f0      0x424 E:/HWer/gnu_arm_embedded_toolchain/bin/../lib/gcc/arm-none-eabi/14.3.1/thumb/v7-m/nofp\libgcc.a(_arm_muldivdf3.o)
                0x080005f0                __aeabi_dmul
                0x080005f0                __muldf3
                0x08000844                __divdf3
                0x08000844                __aeabi_ddiv
 .text          0x08000a14       0xa0 E:/HWer/gnu_arm_embedded_toolchain/bin/../lib/gcc/arm-none-eabi/14.3.1/thumb/v7-m/nofp\libgcc.a(_arm_truncdfsf2.o)
                0x08000a14                __truncdfsf2
                0x08000a14                __aeabi_d2f
 .text          0x08000ab4      0x21c E:/HWer/gnu_arm_embedded_toolchain/bin/../lib/gcc/arm-none-eabi/14.3.1/thumb/v7-m/nofp\libgcc.a(_arm_addsubsf3.o)
                0x08000ab4                __aeabi_frsub
                0x08000abc                __subsf3
                0x08000abc                __aeabi_fsub
                0x08000ac0                __aeabi_fadd
                0x08000ac0                __addsf3
                0x08000c20                __aeabi_ui2f
                0x08000c20                __floatunsisf
                0x08000c28                __aeabi_i2f
                0x08000c28                __floatsisf
                0x08000c44                __aeabi_ul2f
                0x08000c44                __floatundisf
                0x08000c54                __aeabi_l2f
                0x08000c54                __floatdisf
 .text          0x08000cd0       0xec E:/HWer/gnu_arm_embedded_toolchain/bin/../lib/gcc/arm-none-eabi/14.3.1/thumb/v7-m/nofp\libgcc.a(_arm_cmpsf2.o)
                0x08000cd0                __gesf2
                0x08000cd0                __gtsf2
                0x08000cd8                __lesf2
                0x08000cd8                __ltsf2
                0x08000ce0                __nesf2
                0x08000ce0                __eqsf2
                0x08000ce0                __cmpsf2
                0x08000d40                __aeabi_cfrcmple
                0x08000d48                __aeabi_cfcmpeq
                0x08000d48                __aeabi_cfcmple
                0x08000d58                __aeabi_fcmpeq
                0x08000d6c                __aeabi_fcmplt
                0x08000d80                __aeabi_fcmple
                0x08000d94                __aeabi_fcmpge
                0x08000da8                __aeabi_fcmpgt
 .text          0x08000dbc       0x4c E:/HWer/gnu_arm_embedded_toolchain/bin/../lib/gcc/arm-none-eabi/14.3.1/thumb/v7-m/nofp\libgcc.a(_arm_fixsfsi.o)
                0x08000dbc                __aeabi_f2iz
                0x08000dbc                __fixsfsi
 *(.text*)
 .text.deregister_tm_clones
                0x08000e08       0x1c E:/HWer/gnu_arm_embedded_toolchain/bin/../lib/gcc/arm-none-eabi/14.3.1/thumb/v7-m/nofp/crtbegin.o
 .text.register_tm_clones
                0x08000e24       0x24 E:/HWer/gnu_arm_embedded_toolchain/bin/../lib/gcc/arm-none-eabi/14.3.1/thumb/v7-m/nofp/crtbegin.o
 .text.__do_global_dtors_aux
                0x08000e48       0x28 E:/HWer/gnu_arm_embedded_toolchain/bin/../lib/gcc/arm-none-eabi/14.3.1/thumb/v7-m/nofp/crtbegin.o
 .text.frame_dummy
                0x08000e70       0x24 E:/HWer/gnu_arm_embedded_toolchain/bin/../lib/gcc/arm-none-eabi/14.3.1/thumb/v7-m/nofp/crtbegin.o
 .text.MX_CAN_Init
                0x08000e94       0x70 CMakeFiles/hw01.dir/Core/Src/can.c.obj
                0x08000e94                MX_CAN_Init
 .text.HAL_CAN_MspInit
                0x08000f04       0xa8 CMakeFiles/hw01.dir/Core/Src/can.c.obj
                0x08000f04                HAL_CAN_MspInit
 .text.MX_DMA_Init
                0x08000fac       0x6c CMakeFiles/hw01.dir/Core/Src/dma.c.obj
                0x08000fac                MX_DMA_Init
 .text.MX_GPIO_Init
                0x08001018       0xf8 CMakeFiles/hw01.dir/Core/Src/gpio.c.obj
                0x08001018                MX_GPIO_Init
 .text.main     0x08001110       0x2c CMakeFiles/hw01.dir/Core/Src/main.c.obj
                0x08001110                main
 .text.SystemClock_Config
                0x0800113c       0x8a CMakeFiles/hw01.dir/Core/Src/main.c.obj
                0x0800113c                SystemClock_Config
 .text.Error_Handler
                0x080011c6        0xc CMakeFiles/hw01.dir/Core/Src/main.c.obj
                0x080011c6                Error_Handler
 .text.assert_failed
                0x080011d2       0x14 CMakeFiles/hw01.dir/Core/Src/main.c.obj
                0x080011d2                assert_failed
 *fill*         0x080011e6        0x2 
 .text.HAL_MspInit
                0x080011e8       0x64 CMakeFiles/hw01.dir/Core/Src/stm32f1xx_hal_msp.c.obj
                0x080011e8                HAL_MspInit
 .text.NMI_Handler
                0x0800124c        0x8 CMakeFiles/hw01.dir/Core/Src/stm32f1xx_it.c.obj
                0x0800124c                NMI_Handler
 .text.HardFault_Handler
                0x08001254        0x8 CMakeFiles/hw01.dir/Core/Src/stm32f1xx_it.c.obj
                0x08001254                HardFault_Handler
 .text.MemManage_Handler
                0x0800125c        0x8 CMakeFiles/hw01.dir/Core/Src/stm32f1xx_it.c.obj
                0x0800125c                MemManage_Handler
 .text.BusFault_Handler
                0x08001264        0x8 CMakeFiles/hw01.dir/Core/Src/stm32f1xx_it.c.obj
                0x08001264                BusFault_Handler
 .text.UsageFault_Handler
                0x0800126c        0x8 CMakeFiles/hw01.dir/Core/Src/stm32f1xx_it.c.obj
                0x0800126c                UsageFault_Handler
 .text.SVC_Handler
                0x08001274        0xc CMakeFiles/hw01.dir/Core/Src/stm32f1xx_it.c.obj
                0x08001274                SVC_Handler
 .text.DebugMon_Handler
                0x08001280        0xc CMakeFiles/hw01.dir/Core/Src/stm32f1xx_it.c.obj
                0x08001280                DebugMon_Handler
 .text.PendSV_Handler
                0x0800128c        0xc CMakeFiles/hw01.dir/Core/Src/stm32f1xx_it.c.obj
                0x0800128c                PendSV_Handler
 .text.SysTick_Handler
                0x08001298        0xc CMakeFiles/hw01.dir/Core/Src/stm32f1xx_it.c.obj
                0x08001298                SysTick_Handler
 .text.DMA1_Channel4_IRQHandler
                0x080012a4       0x14 CMakeFiles/hw01.dir/Core/Src/stm32f1xx_it.c.obj
                0x080012a4                DMA1_Channel4_IRQHandler
 .text.DMA1_Channel5_IRQHandler
                0x080012b8       0x14 CMakeFiles/hw01.dir/Core/Src/stm32f1xx_it.c.obj
                0x080012b8                DMA1_Channel5_IRQHandler
 .text.DMA1_Channel6_IRQHandler
                0x080012cc       0x14 CMakeFiles/hw01.dir/Core/Src/stm32f1xx_it.c.obj
                0x080012cc                DMA1_Channel6_IRQHandler
 .text.DMA1_Channel7_IRQHandler
                0x080012e0       0x14 CMakeFiles/hw01.dir/Core/Src/stm32f1xx_it.c.obj
                0x080012e0                DMA1_Channel7_IRQHandler
 .text.USB_LP_CAN1_RX0_IRQHandler
                0x080012f4       0x14 CMakeFiles/hw01.dir/Core/Src/stm32f1xx_it.c.obj
                0x080012f4                USB_LP_CAN1_RX0_IRQHandler
 .text.TIM3_IRQHandler
                0x08001308       0x14 CMakeFiles/hw01.dir/Core/Src/stm32f1xx_it.c.obj
                0x08001308                TIM3_IRQHandler
 .text.USART1_IRQHandler
                0x0800131c       0x14 CMakeFiles/hw01.dir/Core/Src/stm32f1xx_it.c.obj
                0x0800131c                USART1_IRQHandler
 .text.USART2_IRQHandler
                0x08001330       0x14 CMakeFiles/hw01.dir/Core/Src/stm32f1xx_it.c.obj
                0x08001330                USART2_IRQHandler
 .text.SystemInit
                0x08001344        0xc CMakeFiles/hw01.dir/Core/Src/system_stm32f1xx.c.obj
                0x08001344                SystemInit
 .text.MX_TIM3_Init
                0x08001350       0x9c CMakeFiles/hw01.dir/Core/Src/tim.c.obj
                0x08001350                MX_TIM3_Init
 .text.HAL_TIM_Base_MspInit
                0x080013ec       0x4c CMakeFiles/hw01.dir/Core/Src/tim.c.obj
                0x080013ec                HAL_TIM_Base_MspInit
 .text.MX_USART1_UART_Init
                0x08001438       0x54 CMakeFiles/hw01.dir/Core/Src/usart.c.obj
                0x08001438                MX_USART1_UART_Init
 .text.MX_USART2_UART_Init
                0x0800148c       0x54 CMakeFiles/hw01.dir/Core/Src/usart.c.obj
                0x0800148c                MX_USART2_UART_Init
 .text.HAL_UART_MspInit
                0x080014e0      0x27c CMakeFiles/hw01.dir/Core/Src/usart.c.obj
                0x080014e0                HAL_UART_MspInit
 .text._ZSt3sinf
                0x0800175c       0x18 CMakeFiles/hw01.dir/Tasks/main_task.cpp.obj
                0x0800175c                std::sin(float)
 .text._Z9RobotInitv
                0x08001774       0x30 CMakeFiles/hw01.dir/Tasks/main_task.cpp.obj
                0x08001774                RobotInit()
 .text.MainInit
                0x080017a4       0x40 CMakeFiles/hw01.dir/Tasks/main_task.cpp.obj
                0x080017a4                MainInit
 .text.MainTask
                0x080017e4      0x124 CMakeFiles/hw01.dir/Tasks/main_task.cpp.obj
                0x080017e4                MainTask
 .text.HAL_TIM_PeriodElapsedCallback
                0x08001908       0x20 CMakeFiles/hw01.dir/Tasks/main_task.cpp.obj
                0x08001908                HAL_TIM_PeriodElapsedCallback
 .text.HAL_UART_RxCpltCallback
                0x08001928       0x50 CMakeFiles/hw01.dir/Tasks/main_task.cpp.obj
                0x08001928                HAL_UART_RxCpltCallback
 .text._Z11UART_EncodePhR12UartCommData
                0x08001978       0x94 CMakeFiles/hw01.dir/Tasks/main_task.cpp.obj
                0x08001978                UART_Encode(unsigned char*, UartCommData&)
 *fill*         0x08001a0c        0x4 
 .text._Z11UART_DecodePhR12UartCommData
                0x08001a10       0xb0 CMakeFiles/hw01.dir/Tasks/main_task.cpp.obj
                0x08001a10                UART_Decode(unsigned char*, UartCommData&)
 .text._Z10CAN_EncodePhR11CANCommData
                0x08001ac0       0xc0 CMakeFiles/hw01.dir/Tasks/main_task.cpp.obj
                0x08001ac0                CAN_Encode(unsigned char*, CANCommData&)
 .text._Z10CAN_DecodePhR11CANCommData
                0x08001b80      0x128 CMakeFiles/hw01.dir/Tasks/main_task.cpp.obj
                0x08001b80                CAN_Decode(unsigned char*, CANCommData&)
 .text._Z14CanFilter_InitP17CAN_HandleTypeDef
                0x08001ca8       0x64 CMakeFiles/hw01.dir/Resources/HW_can.cpp.obj
                0x08001ca8                CanFilter_Init(CAN_HandleTypeDef*)
 .text.HAL_CAN_RxFifo0MsgPendingCallback
                0x08001d0c       0x88 CMakeFiles/hw01.dir/Resources/HW_can.cpp.obj
                0x08001d0c                HAL_CAN_RxFifo0MsgPendingCallback
 .text._Z12CAN_Send_MsgP17CAN_HandleTypeDefPhmh
                0x08001d94       0x50 CMakeFiles/hw01.dir/Resources/HW_can.cpp.obj
                0x08001d94                CAN_Send_Msg(CAN_HandleTypeDef*, unsigned char*, unsigned long, unsigned char)
 .text.Reset_Handler
                0x08001de4       0x48 CMakeFiles/hw01.dir/startup_stm32f103xb.s.obj
                0x08001de4                Reset_Handler
 .text.Default_Handler
                0x08001e2c        0x2 CMakeFiles/hw01.dir/startup_stm32f103xb.s.obj
                0x08001e2c                RTC_Alarm_IRQHandler
                0x08001e2c                EXTI2_IRQHandler
                0x08001e2c                TIM1_CC_IRQHandler
                0x08001e2c                PVD_IRQHandler
                0x08001e2c                EXTI3_IRQHandler
                0x08001e2c                EXTI0_IRQHandler
                0x08001e2c                I2C2_EV_IRQHandler
                0x08001e2c                ADC1_2_IRQHandler
                0x08001e2c                SPI1_IRQHandler
                0x08001e2c                TAMPER_IRQHandler
                0x08001e2c                USART3_IRQHandler
                0x08001e2c                RTC_IRQHandler
                0x08001e2c                CAN1_RX1_IRQHandler
                0x08001e2c                TIM4_IRQHandler
                0x08001e2c                I2C1_EV_IRQHandler
                0x08001e2c                RCC_IRQHandler
                0x08001e2c                TIM1_TRG_COM_IRQHandler
                0x08001e2c                DMA1_Channel1_IRQHandler
                0x08001e2c                Default_Handler
                0x08001e2c                EXTI15_10_IRQHandler
                0x08001e2c                EXTI9_5_IRQHandler
                0x08001e2c                SPI2_IRQHandler
                0x08001e2c                EXTI4_IRQHandler
                0x08001e2c                USB_HP_CAN1_TX_IRQHandler
                0x08001e2c                DMA1_Channel3_IRQHandler
                0x08001e2c                TIM1_UP_IRQHandler
                0x08001e2c                WWDG_IRQHandler
                0x08001e2c                TIM2_IRQHandler
                0x08001e2c                TIM1_BRK_IRQHandler
                0x08001e2c                EXTI1_IRQHandler
                0x08001e2c                I2C2_ER_IRQHandler
                0x08001e2c                DMA1_Channel2_IRQHandler
                0x08001e2c                CAN1_SCE_IRQHandler
                0x08001e2c                FLASH_IRQHandler
                0x08001e2c                I2C1_ER_IRQHandler
                0x08001e2c                USBWakeUp_IRQHandler
 *fill*         0x08001e2e        0x2 
 .text.HAL_Init
                0x08001e30       0x2c libdrivers.a(stm32f1xx_hal.c.obj)
                0x08001e30                HAL_Init
 .text.HAL_InitTick
                0x08001e5c       0x60 libdrivers.a(stm32f1xx_hal.c.obj)
                0x08001e5c                HAL_InitTick
 .text.HAL_IncTick
                0x08001ebc       0x24 libdrivers.a(stm32f1xx_hal.c.obj)
                0x08001ebc                HAL_IncTick
 .text.HAL_GetTick
                0x08001ee0       0x14 libdrivers.a(stm32f1xx_hal.c.obj)
                0x08001ee0                HAL_GetTick
 .text.HAL_CAN_Init
                0x08001ef4      0x430 libdrivers.a(stm32f1xx_hal_can.c.obj)
                0x08001ef4                HAL_CAN_Init
 .text.HAL_CAN_ConfigFilter
                0x08002324      0x260 libdrivers.a(stm32f1xx_hal_can.c.obj)
                0x08002324                HAL_CAN_ConfigFilter
 .text.HAL_CAN_Start
                0x08002584       0x88 libdrivers.a(stm32f1xx_hal_can.c.obj)
                0x08002584                HAL_CAN_Start
 .text.HAL_CAN_AddTxMessage
                0x0800260c      0x234 libdrivers.a(stm32f1xx_hal_can.c.obj)
                0x0800260c                HAL_CAN_AddTxMessage
 .text.HAL_CAN_GetRxMessage
                0x08002840      0x25c libdrivers.a(stm32f1xx_hal_can.c.obj)
                0x08002840                HAL_CAN_GetRxMessage
 .text.HAL_CAN_ActivateNotification
                0x08002a9c       0x64 libdrivers.a(stm32f1xx_hal_can.c.obj)
                0x08002a9c                HAL_CAN_ActivateNotification
 .text.HAL_CAN_IRQHandler
                0x08002b00      0x36e libdrivers.a(stm32f1xx_hal_can.c.obj)
                0x08002b00                HAL_CAN_IRQHandler
 .text.HAL_CAN_TxMailbox0CompleteCallback
                0x08002e6e       0x12 libdrivers.a(stm32f1xx_hal_can.c.obj)
                0x08002e6e                HAL_CAN_TxMailbox0CompleteCallback
 .text.HAL_CAN_TxMailbox1CompleteCallback
                0x08002e80       0x12 libdrivers.a(stm32f1xx_hal_can.c.obj)
                0x08002e80                HAL_CAN_TxMailbox1CompleteCallback
 .text.HAL_CAN_TxMailbox2CompleteCallback
                0x08002e92       0x12 libdrivers.a(stm32f1xx_hal_can.c.obj)
                0x08002e92                HAL_CAN_TxMailbox2CompleteCallback
 .text.HAL_CAN_TxMailbox0AbortCallback
                0x08002ea4       0x12 libdrivers.a(stm32f1xx_hal_can.c.obj)
                0x08002ea4                HAL_CAN_TxMailbox0AbortCallback
 .text.HAL_CAN_TxMailbox1AbortCallback
                0x08002eb6       0x12 libdrivers.a(stm32f1xx_hal_can.c.obj)
                0x08002eb6                HAL_CAN_TxMailbox1AbortCallback
 .text.HAL_CAN_TxMailbox2AbortCallback
                0x08002ec8       0x12 libdrivers.a(stm32f1xx_hal_can.c.obj)
                0x08002ec8                HAL_CAN_TxMailbox2AbortCallback
 .text.HAL_CAN_RxFifo0FullCallback
                0x08002eda       0x12 libdrivers.a(stm32f1xx_hal_can.c.obj)
                0x08002eda                HAL_CAN_RxFifo0FullCallback
 .text.HAL_CAN_RxFifo1MsgPendingCallback
                0x08002eec       0x12 libdrivers.a(stm32f1xx_hal_can.c.obj)
                0x08002eec                HAL_CAN_RxFifo1MsgPendingCallback
 .text.HAL_CAN_RxFifo1FullCallback
                0x08002efe       0x12 libdrivers.a(stm32f1xx_hal_can.c.obj)
                0x08002efe                HAL_CAN_RxFifo1FullCallback
 .text.HAL_CAN_SleepCallback
                0x08002f10       0x12 libdrivers.a(stm32f1xx_hal_can.c.obj)
                0x08002f10                HAL_CAN_SleepCallback
 .text.HAL_CAN_WakeUpFromRxMsgCallback
                0x08002f22       0x12 libdrivers.a(stm32f1xx_hal_can.c.obj)
                0x08002f22                HAL_CAN_WakeUpFromRxMsgCallback
 .text.HAL_CAN_ErrorCallback
                0x08002f34       0x12 libdrivers.a(stm32f1xx_hal_can.c.obj)
                0x08002f34                HAL_CAN_ErrorCallback
 *fill*         0x08002f46        0x2 
 .text.__NVIC_SetPriorityGrouping
                0x08002f48       0x48 libdrivers.a(stm32f1xx_hal_cortex.c.obj)
 .text.__NVIC_GetPriorityGrouping
                0x08002f90       0x1c libdrivers.a(stm32f1xx_hal_cortex.c.obj)
 .text.__NVIC_EnableIRQ
                0x08002fac       0x38 libdrivers.a(stm32f1xx_hal_cortex.c.obj)
 .text.__NVIC_SetPriority
                0x08002fe4       0x54 libdrivers.a(stm32f1xx_hal_cortex.c.obj)
 .text.NVIC_EncodePriority
                0x08003038       0x64 libdrivers.a(stm32f1xx_hal_cortex.c.obj)
 .text.SysTick_Config
                0x0800309c       0x44 libdrivers.a(stm32f1xx_hal_cortex.c.obj)
 .text.HAL_NVIC_SetPriorityGrouping
                0x080030e0       0x40 libdrivers.a(stm32f1xx_hal_cortex.c.obj)
                0x080030e0                HAL_NVIC_SetPriorityGrouping
 .text.HAL_NVIC_SetPriority
                0x08003120       0x58 libdrivers.a(stm32f1xx_hal_cortex.c.obj)
                0x08003120                HAL_NVIC_SetPriority
 .text.HAL_NVIC_EnableIRQ
                0x08003178       0x30 libdrivers.a(stm32f1xx_hal_cortex.c.obj)
                0x08003178                HAL_NVIC_EnableIRQ
 .text.HAL_SYSTICK_Config
                0x080031a8       0x18 libdrivers.a(stm32f1xx_hal_cortex.c.obj)
                0x080031a8                HAL_SYSTICK_Config
 .text.HAL_DMA_Init
                0x080031c0      0x200 libdrivers.a(stm32f1xx_hal_dma.c.obj)
                0x080031c0                HAL_DMA_Init
 .text.HAL_DMA_Start_IT
                0x080033c0       0xdc libdrivers.a(stm32f1xx_hal_dma.c.obj)
                0x080033c0                HAL_DMA_Start_IT
 .text.HAL_DMA_Abort
                0x0800349c       0x76 libdrivers.a(stm32f1xx_hal_dma.c.obj)
                0x0800349c                HAL_DMA_Abort
 *fill*         0x08003512        0x2 
 .text.HAL_DMA_Abort_IT
                0x08003514       0xf0 libdrivers.a(stm32f1xx_hal_dma.c.obj)
                0x08003514                HAL_DMA_Abort_IT
 .text.HAL_DMA_IRQHandler
                0x08003604      0x20c libdrivers.a(stm32f1xx_hal_dma.c.obj)
                0x08003604                HAL_DMA_IRQHandler
 .text.DMA_SetConfig
                0x08003810       0x5a libdrivers.a(stm32f1xx_hal_dma.c.obj)
 *fill*         0x0800386a        0x2 
 .text.HAL_GPIO_Init
                0x0800386c      0x4dc libdrivers.a(stm32f1xx_hal_gpio.c.obj)
                0x0800386c                HAL_GPIO_Init
 .text.HAL_GPIO_WritePin
                0x08003d48       0x58 libdrivers.a(stm32f1xx_hal_gpio.c.obj)
                0x08003d48                HAL_GPIO_WritePin
 .text.HAL_GPIO_TogglePin
                0x08003da0       0x44 libdrivers.a(stm32f1xx_hal_gpio.c.obj)
                0x08003da0                HAL_GPIO_TogglePin
 .text.HAL_RCC_OscConfig
                0x08003de4      0x6dc libdrivers.a(stm32f1xx_hal_rcc.c.obj)
                0x08003de4                HAL_RCC_OscConfig
 .text.HAL_RCC_ClockConfig
                0x080044c0      0x320 libdrivers.a(stm32f1xx_hal_rcc.c.obj)
                0x080044c0                HAL_RCC_ClockConfig
 .text.HAL_RCC_GetSysClockFreq
                0x080047e0       0xa8 libdrivers.a(stm32f1xx_hal_rcc.c.obj)
                0x080047e0                HAL_RCC_GetSysClockFreq
 .text.HAL_RCC_GetHCLKFreq
                0x08004888       0x14 libdrivers.a(stm32f1xx_hal_rcc.c.obj)
                0x08004888                HAL_RCC_GetHCLKFreq
 .text.HAL_RCC_GetPCLK1Freq
                0x0800489c       0x28 libdrivers.a(stm32f1xx_hal_rcc.c.obj)
                0x0800489c                HAL_RCC_GetPCLK1Freq
 .text.HAL_RCC_GetPCLK2Freq
                0x080048c4       0x28 libdrivers.a(stm32f1xx_hal_rcc.c.obj)
                0x080048c4                HAL_RCC_GetPCLK2Freq
 .text.RCC_Delay
                0x080048ec       0x3c libdrivers.a(stm32f1xx_hal_rcc.c.obj)
 .text.HAL_TIM_Base_Init
                0x08004928      0x170 libdrivers.a(stm32f1xx_hal_tim.c.obj)
                0x08004928                HAL_TIM_Base_Init
 .text.HAL_TIM_Base_Start_IT
                0x08004a98       0xd8 libdrivers.a(stm32f1xx_hal_tim.c.obj)
                0x08004a98                HAL_TIM_Base_Start_IT
 .text.HAL_TIM_IRQHandler
                0x08004b70      0x1e0 libdrivers.a(stm32f1xx_hal_tim.c.obj)
                0x08004b70                HAL_TIM_IRQHandler
 .text.HAL_TIM_ConfigClockSource
                0x08004d50      0x564 libdrivers.a(stm32f1xx_hal_tim.c.obj)
                0x08004d50                HAL_TIM_ConfigClockSource
 .text.HAL_TIM_OC_DelayElapsedCallback
                0x080052b4       0x12 libdrivers.a(stm32f1xx_hal_tim.c.obj)
                0x080052b4                HAL_TIM_OC_DelayElapsedCallback
 .text.HAL_TIM_IC_CaptureCallback
                0x080052c6       0x12 libdrivers.a(stm32f1xx_hal_tim.c.obj)
                0x080052c6                HAL_TIM_IC_CaptureCallback
 .text.HAL_TIM_PWM_PulseFinishedCallback
                0x080052d8       0x12 libdrivers.a(stm32f1xx_hal_tim.c.obj)
                0x080052d8                HAL_TIM_PWM_PulseFinishedCallback
 .text.HAL_TIM_TriggerCallback
                0x080052ea       0x12 libdrivers.a(stm32f1xx_hal_tim.c.obj)
                0x080052ea                HAL_TIM_TriggerCallback
 .text.TIM_Base_SetConfig
                0x080052fc       0xdc libdrivers.a(stm32f1xx_hal_tim.c.obj)
                0x080052fc                TIM_Base_SetConfig
 .text.TIM_TI1_ConfigInputStage
                0x080053d8       0x5c libdrivers.a(stm32f1xx_hal_tim.c.obj)
 .text.TIM_TI2_ConfigInputStage
                0x08005434       0x5e libdrivers.a(stm32f1xx_hal_tim.c.obj)
 .text.TIM_ITRx_SetConfig
                0x08005492       0x34 libdrivers.a(stm32f1xx_hal_tim.c.obj)
 .text.TIM_ETR_SetConfig
                0x080054c6       0x3e libdrivers.a(stm32f1xx_hal_tim.c.obj)
                0x080054c6                TIM_ETR_SetConfig
 .text.HAL_TIMEx_MasterConfigSynchronization
                0x08005504      0x154 libdrivers.a(stm32f1xx_hal_tim_ex.c.obj)
                0x08005504                HAL_TIMEx_MasterConfigSynchronization
 .text.HAL_TIMEx_CommutCallback
                0x08005658       0x12 libdrivers.a(stm32f1xx_hal_tim_ex.c.obj)
                0x08005658                HAL_TIMEx_CommutCallback
 .text.HAL_TIMEx_BreakCallback
                0x0800566a       0x12 libdrivers.a(stm32f1xx_hal_tim_ex.c.obj)
                0x0800566a                HAL_TIMEx_BreakCallback
 .text.HAL_UART_Init
                0x0800567c      0x158 libdrivers.a(stm32f1xx_hal_uart.c.obj)
                0x0800567c                HAL_UART_Init
 .text.HAL_UART_Transmit_DMA
                0x080057d4       0xe0 libdrivers.a(stm32f1xx_hal_uart.c.obj)
                0x080057d4                HAL_UART_Transmit_DMA
 .text.HAL_UART_Receive_DMA
                0x080058b4       0x4a libdrivers.a(stm32f1xx_hal_uart.c.obj)
                0x080058b4                HAL_UART_Receive_DMA
 *fill*         0x080058fe        0x2 
 .text.HAL_UART_IRQHandler
                0x08005900      0x524 libdrivers.a(stm32f1xx_hal_uart.c.obj)
                0x08005900                HAL_UART_IRQHandler
 .text.HAL_UART_TxCpltCallback
                0x08005e24       0x12 libdrivers.a(stm32f1xx_hal_uart.c.obj)
                0x08005e24                HAL_UART_TxCpltCallback
 .text.HAL_UART_TxHalfCpltCallback
                0x08005e36       0x12 libdrivers.a(stm32f1xx_hal_uart.c.obj)
                0x08005e36                HAL_UART_TxHalfCpltCallback
 .text.HAL_UART_RxHalfCpltCallback
                0x08005e48       0x12 libdrivers.a(stm32f1xx_hal_uart.c.obj)
                0x08005e48                HAL_UART_RxHalfCpltCallback
 .text.HAL_UART_ErrorCallback
                0x08005e5a       0x12 libdrivers.a(stm32f1xx_hal_uart.c.obj)
                0x08005e5a                HAL_UART_ErrorCallback
 .text.HAL_UARTEx_RxEventCallback
                0x08005e6c       0x16 libdrivers.a(stm32f1xx_hal_uart.c.obj)
                0x08005e6c                HAL_UARTEx_RxEventCallback
 .text.UART_DMATransmitCplt
                0x08005e82       0x9a libdrivers.a(stm32f1xx_hal_uart.c.obj)
 .text.UART_DMATxHalfCplt
                0x08005f1c       0x1c libdrivers.a(stm32f1xx_hal_uart.c.obj)
 .text.UART_DMAReceiveCplt
                0x08005f38      0x12c libdrivers.a(stm32f1xx_hal_uart.c.obj)
 .text.UART_DMARxHalfCplt
                0x08006064       0x3c libdrivers.a(stm32f1xx_hal_uart.c.obj)
 .text.UART_DMAError
                0x080060a0       0x94 libdrivers.a(stm32f1xx_hal_uart.c.obj)
 .text.UART_Start_Receive_DMA
                0x08006134      0x134 libdrivers.a(stm32f1xx_hal_uart.c.obj)
                0x08006134                UART_Start_Receive_DMA
 .text.UART_EndTxTransfer
                0x08006268       0x4e libdrivers.a(stm32f1xx_hal_uart.c.obj)
 .text.UART_EndRxTransfer
                0x080062b6       0xc4 libdrivers.a(stm32f1xx_hal_uart.c.obj)
 .text.UART_DMAAbortOnError
                0x0800637a       0x28 libdrivers.a(stm32f1xx_hal_uart.c.obj)
 .text.UART_Transmit_IT
                0x080063a2       0x9e libdrivers.a(stm32f1xx_hal_uart.c.obj)
 .text.UART_EndTransmit_IT
                0x08006440       0x30 libdrivers.a(stm32f1xx_hal_uart.c.obj)
 .text.UART_Receive_IT
                0x08006470      0x17c libdrivers.a(stm32f1xx_hal_uart.c.obj)
 .text.UART_SetConfig
                0x080065ec      0x19c libdrivers.a(stm32f1xx_hal_uart.c.obj)
 .text.sinf     0x08006788       0x6c E:/HWer/gnu_arm_embedded_toolchain/bin/../lib/gcc/arm-none-eabi/14.3.1/../../../../arm-none-eabi/lib/thumb/v7-m/nofp\libm.a(libm_a-sf_sin.o)
                0x08006788                sinf
 .text.__kernel_cosf
                0x080067f4      0x190 E:/HWer/gnu_arm_embedded_toolchain/bin/../lib/gcc/arm-none-eabi/14.3.1/../../../../arm-none-eabi/lib/thumb/v7-m/nofp\libm.a(libm_a-kf_cos.o)
                0x080067f4                __kernel_cosf
 .text.__kernel_sinf
                0x08006984       0xec E:/HWer/gnu_arm_embedded_toolchain/bin/../lib/gcc/arm-none-eabi/14.3.1/../../../../arm-none-eabi/lib/thumb/v7-m/nofp\libm.a(libm_a-kf_sin.o)
                0x08006984                __kernel_sinf
 .text.__ieee754_rem_pio2f
                0x08006a70      0x2dc E:/HWer/gnu_arm_embedded_toolchain/bin/../lib/gcc/arm-none-eabi/14.3.1/../../../../arm-none-eabi/lib/thumb/v7-m/nofp\libm.a(libm_a-ef_rem_pio2.o)
                0x08006a70                __ieee754_rem_pio2f
 .text.fabsf    0x08006d4c        0x8 E:/HWer/gnu_arm_embedded_toolchain/bin/../lib/gcc/arm-none-eabi/14.3.1/../../../../arm-none-eabi/lib/thumb/v7-m/nofp\libm.a(libm_a-sf_fabs.o)
                0x08006d4c                fabsf
 .text.__kernel_rem_pio2f
                0x08006d54      0x770 E:/HWer/gnu_arm_embedded_toolchain/bin/../lib/gcc/arm-none-eabi/14.3.1/../../../../arm-none-eabi/lib/thumb/v7-m/nofp\libm.a(libm_a-kf_rem_pio2.o)
                0x08006d54                __kernel_rem_pio2f
 .text.scalbnf  0x080074c4       0xb0 E:/HWer/gnu_arm_embedded_toolchain/bin/../lib/gcc/arm-none-eabi/14.3.1/../../../../arm-none-eabi/lib/thumb/v7-m/nofp\libm.a(libm_a-sf_scalbn.o)
                0x080074c4                scalbnf
 .text.floorf   0x08007574       0x8c E:/HWer/gnu_arm_embedded_toolchain/bin/../lib/gcc/arm-none-eabi/14.3.1/../../../../arm-none-eabi/lib/thumb/v7-m/nofp\libm.a(libm_a-sf_floor.o)
                0x08007574                floorf
 .text.memset   0x08007600       0x10 E:/HWer/gnu_arm_embedded_toolchain/bin/../lib/gcc/arm-none-eabi/14.3.1/../../../../arm-none-eabi/lib/thumb/v7-m/nofp\libc_nano.a(libc_a-memset.o)
                0x08007600                memset
 .text.__libc_init_array
                0x08007610       0x48 E:/HWer/gnu_arm_embedded_toolchain/bin/../lib/gcc/arm-none-eabi/14.3.1/../../../../arm-none-eabi/lib/thumb/v7-m/nofp\libc_nano.a(libc_a-init.o)
                0x08007610                __libc_init_array
 *(.glue_7)
 .glue_7        0x08007658        0x0 linker stubs
 *(.glue_7t)
 .glue_7t       0x08007658        0x0 linker stubs
 *(.eh_frame)
 .eh_frame      0x08007658        0x0 E:/HWer/gnu_arm_embedded_toolchain/bin/../lib/gcc/arm-none-eabi/14.3.1/thumb/v7-m/nofp/crtbegin.o
 *(.init)
 .init          0x08007658        0x4 E:/HWer/gnu_arm_embedded_toolchain/bin/../lib/gcc/arm-none-eabi/14.3.1/thumb/v7-m/nofp/crti.o
                0x08007658                _init
 .init          0x0800765c        0x8 E:/HWer/gnu_arm_embedded_toolchain/bin/../lib/gcc/arm-none-eabi/14.3.1/thumb/v7-m/nofp/crtn.o
 *(.fini)
 .fini          0x08007664        0x4 E:/HWer/gnu_arm_embedded_toolchain/bin/../lib/gcc/arm-none-eabi/14.3.1/thumb/v7-m/nofp/crti.o
                0x08007664                _fini
 .fini          0x08007668        0x8 E:/HWer/gnu_arm_embedded_toolchain/bin/../lib/gcc/arm-none-eabi/14.3.1/thumb/v7-m/nofp/crtn.o
                0x08007670                        . = ALIGN (0x4)
                0x08007670                        _etext = .

.vfp11_veneer   0x08007670        0x0
 .vfp11_veneer  0x08007670        0x0 linker stubs

.v4_bx          0x08007670        0x0
 .v4_bx         0x08007670        0x0 linker stubs

.iplt           0x08007670        0x0
 .iplt          0x08007670        0x0 E:/HWer/gnu_arm_embedded_toolchain/bin/../lib/gcc/arm-none-eabi/14.3.1/thumb/v7-m/nofp/crtbegin.o

.rodata         0x08007670      0x70c
                0x08007670                        . = ALIGN (0x4)
 *(.rodata)
 .rodata        0x08007670       0x60 libdrivers.a(stm32f1xx_hal_can.c.obj)
 .rodata        0x080076d0       0x63 libdrivers.a(stm32f1xx_hal_cortex.c.obj)
 *fill*         0x08007733        0x1 
 .rodata        0x08007734       0x60 libdrivers.a(stm32f1xx_hal_dma.c.obj)
 .rodata        0x08007794       0x61 libdrivers.a(stm32f1xx_hal_gpio.c.obj)
 *fill*         0x080077f5        0x3 
 .rodata        0x080077f8       0x60 libdrivers.a(stm32f1xx_hal_rcc.c.obj)
 .rodata        0x08007858       0x60 libdrivers.a(stm32f1xx_hal_tim.c.obj)
 .rodata        0x080078b8       0x63 libdrivers.a(stm32f1xx_hal_tim_ex.c.obj)
 *fill*         0x0800791b        0x1 
 .rodata        0x0800791c       0x61 libdrivers.a(stm32f1xx_hal_uart.c.obj)
 *(.rodata*)
 *fill*         0x0800797d        0x3 
 .rodata.AHBPrescTable
                0x08007980       0x10 CMakeFiles/hw01.dir/Core/Src/system_stm32f1xx.c.obj
                0x08007980                AHBPrescTable
 .rodata.APBPrescTable
                0x08007990        0x8 CMakeFiles/hw01.dir/Core/Src/system_stm32f1xx.c.obj
                0x08007990                APBPrescTable
 .rodata.aPLLMULFactorTable.1
                0x08007998       0x10 libdrivers.a(stm32f1xx_hal_rcc.c.obj)
 .rodata.aPredivFactorTable.0
                0x080079a8        0x2 libdrivers.a(stm32f1xx_hal_rcc.c.obj)
 *fill*         0x080079aa        0x2 
 .rodata.npio2_hw
                0x080079ac       0x80 E:/HWer/gnu_arm_embedded_toolchain/bin/../lib/gcc/arm-none-eabi/14.3.1/../../../../arm-none-eabi/lib/thumb/v7-m/nofp\libm.a(libm_a-ef_rem_pio2.o)
 .rodata.two_over_pi
                0x08007a2c      0x318 E:/HWer/gnu_arm_embedded_toolchain/bin/../lib/gcc/arm-none-eabi/14.3.1/../../../../arm-none-eabi/lib/thumb/v7-m/nofp\libm.a(libm_a-ef_rem_pio2.o)
 .rodata.PIo2   0x08007d44       0x2c E:/HWer/gnu_arm_embedded_toolchain/bin/../lib/gcc/arm-none-eabi/14.3.1/../../../../arm-none-eabi/lib/thumb/v7-m/nofp\libm.a(libm_a-kf_rem_pio2.o)
 .rodata.init_jk
                0x08007d70        0xc E:/HWer/gnu_arm_embedded_toolchain/bin/../lib/gcc/arm-none-eabi/14.3.1/../../../../arm-none-eabi/lib/thumb/v7-m/nofp\libm.a(libm_a-kf_rem_pio2.o)
                0x08007d7c                        . = ALIGN (0x4)

.rel.dyn        0x08007d7c        0x0
 .rel.iplt      0x08007d7c        0x0 E:/HWer/gnu_arm_embedded_toolchain/bin/../lib/gcc/arm-none-eabi/14.3.1/thumb/v7-m/nofp/crtbegin.o

.ARM.extab
 *(.ARM.extab* .gnu.linkonce.armextab.*)

.ARM            0x08007d7c        0x0
                0x08007d7c                        __exidx_start = .
 *(.ARM.exidx*)
                0x08007d7c                        __exidx_end = .

.preinit_array  0x08007d7c        0x0
                0x08007d7c                        PROVIDE (__preinit_array_start = .)
 *(.preinit_array*)
                0x08007d7c                        PROVIDE (__preinit_array_end = .)

.init_array     0x08007d7c        0x4
                0x08007d7c                        PROVIDE (__init_array_start = .)
 *(SORT_BY_NAME(.init_array.*))
 *(.init_array*)
 .init_array    0x08007d7c        0x4 E:/HWer/gnu_arm_embedded_toolchain/bin/../lib/gcc/arm-none-eabi/14.3.1/thumb/v7-m/nofp/crtbegin.o
                0x08007d80                        PROVIDE (__init_array_end = .)

.fini_array     0x08007d80        0x4
                [!provide]                        PROVIDE (__fini_array_start = .)
 *(SORT_BY_NAME(.fini_array.*))
 *(.fini_array*)
 .fini_array    0x08007d80        0x4 E:/HWer/gnu_arm_embedded_toolchain/bin/../lib/gcc/arm-none-eabi/14.3.1/thumb/v7-m/nofp/crtbegin.o
                [!provide]                        PROVIDE (__fini_array_end = .)
                0x08007d84                        _sidata = LOADADDR (.data)

.data           0x20000000        0xc load address 0x08007d84
                0x20000000                        . = ALIGN (0x4)
                0x20000000                        _sdata = .
 *(.data)
 *(.data*)
 .data.SystemCoreClock
                0x20000000        0x4 CMakeFiles/hw01.dir/Core/Src/system_stm32f1xx.c.obj
                0x20000000                SystemCoreClock
 .data.uwTickPrio
                0x20000004        0x4 libdrivers.a(stm32f1xx_hal.c.obj)
                0x20000004                uwTickPrio
 .data.uwTickFreq
                0x20000008        0x1 libdrivers.a(stm32f1xx_hal.c.obj)
                0x20000008                uwTickFreq
                0x2000000c                        . = ALIGN (0x4)
 *fill*         0x20000009        0x3 
                0x2000000c                        _edata = .

.tm_clone_table
                0x2000000c        0x0 load address 0x08007d90
 .tm_clone_table
                0x2000000c        0x0 E:/HWer/gnu_arm_embedded_toolchain/bin/../lib/gcc/arm-none-eabi/14.3.1/thumb/v7-m/nofp/crtbegin.o
 .tm_clone_table
                0x2000000c        0x0 E:/HWer/gnu_arm_embedded_toolchain/bin/../lib/gcc/arm-none-eabi/14.3.1/thumb/v7-m/nofp/crtend.o

.igot.plt       0x2000000c        0x0 load address 0x08007d90
 .igot.plt      0x2000000c        0x0 E:/HWer/gnu_arm_embedded_toolchain/bin/../lib/gcc/arm-none-eabi/14.3.1/thumb/v7-m/nofp/crtbegin.o
                0x2000000c                        . = ALIGN (0x4)

.bss            0x2000000c      0x2bc load address 0x08007d90
                0x2000000c                        _sbss = .
                0x2000000c                        __bss_start__ = _sbss
 *(.bss)
 *(.bss*)
 .bss.completed.1
                0x2000000c        0x1 E:/HWer/gnu_arm_embedded_toolchain/bin/../lib/gcc/arm-none-eabi/14.3.1/thumb/v7-m/nofp/crtbegin.o
 *fill*         0x2000000d        0x3 
 .bss.object.0  0x20000010       0x18 E:/HWer/gnu_arm_embedded_toolchain/bin/../lib/gcc/arm-none-eabi/14.3.1/thumb/v7-m/nofp/crtbegin.o
 .bss.hcan      0x20000028       0x28 CMakeFiles/hw01.dir/Core/Src/can.c.obj
                0x20000028                hcan
 .bss.htim3     0x20000050       0x48 CMakeFiles/hw01.dir/Core/Src/tim.c.obj
                0x20000050                htim3
 .bss.huart1    0x20000098       0x48 CMakeFiles/hw01.dir/Core/Src/usart.c.obj
                0x20000098                huart1
 .bss.huart2    0x200000e0       0x48 CMakeFiles/hw01.dir/Core/Src/usart.c.obj
                0x200000e0                huart2
 .bss.hdma_usart1_tx
                0x20000128       0x44 CMakeFiles/hw01.dir/Core/Src/usart.c.obj
                0x20000128                hdma_usart1_tx
 .bss.hdma_usart1_rx
                0x2000016c       0x44 CMakeFiles/hw01.dir/Core/Src/usart.c.obj
                0x2000016c                hdma_usart1_rx
 .bss.hdma_usart2_rx
                0x200001b0       0x44 CMakeFiles/hw01.dir/Core/Src/usart.c.obj
                0x200001b0                hdma_usart2_rx
 .bss.hdma_usart2_tx
                0x200001f4       0x44 CMakeFiles/hw01.dir/Core/Src/usart.c.obj
                0x200001f4                hdma_usart2_tx
 .bss.tick      0x20000238        0x4 CMakeFiles/hw01.dir/Tasks/main_task.cpp.obj
                0x20000238                tick
 .bss.uart_data_tx
                0x2000023c        0x8 CMakeFiles/hw01.dir/Tasks/main_task.cpp.obj
                0x2000023c                uart_data_tx
 .bss.uart_data_rx
                0x20000244        0x8 CMakeFiles/hw01.dir/Tasks/main_task.cpp.obj
                0x20000244                uart_data_rx
 .bss.uart_rx_data
                0x2000024c        0x9 CMakeFiles/hw01.dir/Tasks/main_task.cpp.obj
                0x2000024c                uart_rx_data
 *fill*         0x20000255        0x3 
 .bss.uart_tx_data
                0x20000258        0x9 CMakeFiles/hw01.dir/Tasks/main_task.cpp.obj
                0x20000258                uart_tx_data
 *fill*         0x20000261        0x3 
 .bss.can_data_tx
                0x20000264       0x10 CMakeFiles/hw01.dir/Tasks/main_task.cpp.obj
                0x20000264                can_data_tx
 .bss.can_data_rx
                0x20000274       0x10 CMakeFiles/hw01.dir/Tasks/main_task.cpp.obj
                0x20000274                can_data_rx
 .bss.can_tx_data
                0x20000284        0x8 CMakeFiles/hw01.dir/Tasks/main_task.cpp.obj
                0x20000284                can_tx_data
 .bss.uart_receive_times
                0x2000028c        0x4 CMakeFiles/hw01.dir/Tasks/main_task.cpp.obj
                0x2000028c                uart_receive_times
 .bss._ZL9rx_header
                0x20000290       0x1c CMakeFiles/hw01.dir/Resources/HW_can.cpp.obj
 .bss.can_rx_data
                0x200002ac        0x8 CMakeFiles/hw01.dir/Resources/HW_can.cpp.obj
                0x200002ac                can_rx_data
 .bss.pTxMailbox
                0x200002b4        0x4 CMakeFiles/hw01.dir/Resources/HW_can.cpp.obj
                0x200002b4                pTxMailbox
 .bss.can_rec_times
                0x200002b8        0x4 CMakeFiles/hw01.dir/Resources/HW_can.cpp.obj
                0x200002b8                can_rec_times
 .bss.can_success_times
                0x200002bc        0x4 CMakeFiles/hw01.dir/Resources/HW_can.cpp.obj
                0x200002bc                can_success_times
 .bss.can_receive_data
                0x200002c0        0x4 CMakeFiles/hw01.dir/Resources/HW_can.cpp.obj
                0x200002c0                can_receive_data
 .bss.uwTick    0x200002c4        0x4 libdrivers.a(stm32f1xx_hal.c.obj)
                0x200002c4                uwTick
 *(COMMON)
                0x200002c8                        . = ALIGN (0x4)
                0x200002c8                        _ebss = .
                0x200002c8                        __bss_end__ = _ebss

._user_heap_stack
                0x200002c8      0x600 load address 0x08007d90
                0x200002c8                        . = ALIGN (0x8)
                [!provide]                        PROVIDE (end = .)
                0x200002c8                        PROVIDE (_end = .)
                0x200004c8                        . = (. + _Min_Heap_Size)
 *fill*         0x200002c8      0x200 
                0x200008c8                        . = (. + _Min_Stack_Size)
 *fill*         0x200004c8      0x400 
                0x200008c8                        . = ALIGN (0x8)

/DISCARD/
 libc.a(*)
 libm.a(*)
 libgcc.a(*)

.ARM.attributes
                0x00000000       0x29
 *(.ARM.attributes)
 .ARM.attributes
                0x00000000       0x1d E:/HWer/gnu_arm_embedded_toolchain/bin/../lib/gcc/arm-none-eabi/14.3.1/thumb/v7-m/nofp/crti.o
 .ARM.attributes
                0x0000001d       0x2d E:/HWer/gnu_arm_embedded_toolchain/bin/../lib/gcc/arm-none-eabi/14.3.1/thumb/v7-m/nofp/crtbegin.o
 .ARM.attributes
                0x0000004a       0x2d CMakeFiles/hw01.dir/Core/Src/can.c.obj
 .ARM.attributes
                0x00000077       0x2d CMakeFiles/hw01.dir/Core/Src/dma.c.obj
 .ARM.attributes
                0x000000a4       0x2d CMakeFiles/hw01.dir/Core/Src/gpio.c.obj
 .ARM.attributes
                0x000000d1       0x2d CMakeFiles/hw01.dir/Core/Src/main.c.obj
 .ARM.attributes
                0x000000fe       0x2d CMakeFiles/hw01.dir/Core/Src/stm32f1xx_hal_msp.c.obj
 .ARM.attributes
                0x0000012b       0x2d CMakeFiles/hw01.dir/Core/Src/stm32f1xx_it.c.obj
 .ARM.attributes
                0x00000158       0x2d CMakeFiles/hw01.dir/Core/Src/system_stm32f1xx.c.obj
 .ARM.attributes
                0x00000185       0x2d CMakeFiles/hw01.dir/Core/Src/tim.c.obj
 .ARM.attributes
                0x000001b2       0x2d CMakeFiles/hw01.dir/Core/Src/usart.c.obj
 .ARM.attributes
                0x000001df       0x2d CMakeFiles/hw01.dir/Tasks/main_task.cpp.obj
 .ARM.attributes
                0x0000020c       0x2d CMakeFiles/hw01.dir/Resources/HW_can.cpp.obj
 .ARM.attributes
                0x00000239       0x21 CMakeFiles/hw01.dir/startup_stm32f103xb.s.obj
 .ARM.attributes
                0x0000025a       0x2d libdrivers.a(stm32f1xx_hal.c.obj)
 .ARM.attributes
                0x00000287       0x2d libdrivers.a(stm32f1xx_hal_can.c.obj)
 .ARM.attributes
                0x000002b4       0x2d libdrivers.a(stm32f1xx_hal_cortex.c.obj)
 .ARM.attributes
                0x000002e1       0x2d libdrivers.a(stm32f1xx_hal_dma.c.obj)
 .ARM.attributes
                0x0000030e       0x2d libdrivers.a(stm32f1xx_hal_gpio.c.obj)
 .ARM.attributes
                0x0000033b       0x2d libdrivers.a(stm32f1xx_hal_rcc.c.obj)
 .ARM.attributes
                0x00000368       0x2d libdrivers.a(stm32f1xx_hal_tim.c.obj)
 .ARM.attributes
                0x00000395       0x2d libdrivers.a(stm32f1xx_hal_tim_ex.c.obj)
 .ARM.attributes
                0x000003c2       0x2d libdrivers.a(stm32f1xx_hal_uart.c.obj)
 .ARM.attributes
                0x000003ef       0x2d E:/HWer/gnu_arm_embedded_toolchain/bin/../lib/gcc/arm-none-eabi/14.3.1/../../../../arm-none-eabi/lib/thumb/v7-m/nofp\libm.a(libm_a-sf_sin.o)
 .ARM.attributes
                0x0000041c       0x2d E:/HWer/gnu_arm_embedded_toolchain/bin/../lib/gcc/arm-none-eabi/14.3.1/../../../../arm-none-eabi/lib/thumb/v7-m/nofp\libm.a(libm_a-kf_cos.o)
 .ARM.attributes
                0x00000449       0x2d E:/HWer/gnu_arm_embedded_toolchain/bin/../lib/gcc/arm-none-eabi/14.3.1/../../../../arm-none-eabi/lib/thumb/v7-m/nofp\libm.a(libm_a-kf_sin.o)
 .ARM.attributes
                0x00000476       0x2d E:/HWer/gnu_arm_embedded_toolchain/bin/../lib/gcc/arm-none-eabi/14.3.1/../../../../arm-none-eabi/lib/thumb/v7-m/nofp\libm.a(libm_a-ef_rem_pio2.o)
 .ARM.attributes
                0x000004a3       0x2d E:/HWer/gnu_arm_embedded_toolchain/bin/../lib/gcc/arm-none-eabi/14.3.1/../../../../arm-none-eabi/lib/thumb/v7-m/nofp\libm.a(libm_a-sf_fabs.o)
 .ARM.attributes
                0x000004d0       0x2d E:/HWer/gnu_arm_embedded_toolchain/bin/../lib/gcc/arm-none-eabi/14.3.1/../../../../arm-none-eabi/lib/thumb/v7-m/nofp\libm.a(libm_a-kf_rem_pio2.o)
 .ARM.attributes
                0x000004fd       0x2d E:/HWer/gnu_arm_embedded_toolchain/bin/../lib/gcc/arm-none-eabi/14.3.1/../../../../arm-none-eabi/lib/thumb/v7-m/nofp\libm.a(libm_a-sf_scalbn.o)
 .ARM.attributes
                0x0000052a       0x2d E:/HWer/gnu_arm_embedded_toolchain/bin/../lib/gcc/arm-none-eabi/14.3.1/../../../../arm-none-eabi/lib/thumb/v7-m/nofp\libm.a(libm_a-sf_floor.o)
 .ARM.attributes
                0x00000557       0x2d E:/HWer/gnu_arm_embedded_toolchain/bin/../lib/gcc/arm-none-eabi/14.3.1/../../../../arm-none-eabi/lib/thumb/v7-m/nofp\libc_nano.a(libc_a-memset.o)
 .ARM.attributes
                0x00000584       0x2d E:/HWer/gnu_arm_embedded_toolchain/bin/../lib/gcc/arm-none-eabi/14.3.1/../../../../arm-none-eabi/lib/thumb/v7-m/nofp\libc_nano.a(libc_a-init.o)
 .ARM.attributes
                0x000005b1       0x1d E:/HWer/gnu_arm_embedded_toolchain/bin/../lib/gcc/arm-none-eabi/14.3.1/thumb/v7-m/nofp\libgcc.a(_arm_mulsf3.o)
 .ARM.attributes
                0x000005ce       0x1d E:/HWer/gnu_arm_embedded_toolchain/bin/../lib/gcc/arm-none-eabi/14.3.1/thumb/v7-m/nofp\libgcc.a(_arm_addsubdf3.o)
 .ARM.attributes
                0x000005eb       0x1d E:/HWer/gnu_arm_embedded_toolchain/bin/../lib/gcc/arm-none-eabi/14.3.1/thumb/v7-m/nofp\libgcc.a(_arm_muldivdf3.o)
 .ARM.attributes
                0x00000608       0x1d E:/HWer/gnu_arm_embedded_toolchain/bin/../lib/gcc/arm-none-eabi/14.3.1/thumb/v7-m/nofp\libgcc.a(_arm_truncdfsf2.o)
 .ARM.attributes
                0x00000625       0x1d E:/HWer/gnu_arm_embedded_toolchain/bin/../lib/gcc/arm-none-eabi/14.3.1/thumb/v7-m/nofp\libgcc.a(_arm_addsubsf3.o)
 .ARM.attributes
                0x00000642       0x1d E:/HWer/gnu_arm_embedded_toolchain/bin/../lib/gcc/arm-none-eabi/14.3.1/thumb/v7-m/nofp\libgcc.a(_arm_cmpsf2.o)
 .ARM.attributes
                0x0000065f       0x1d E:/HWer/gnu_arm_embedded_toolchain/bin/../lib/gcc/arm-none-eabi/14.3.1/thumb/v7-m/nofp\libgcc.a(_arm_fixsfsi.o)
 .ARM.attributes
                0x0000067c       0x2d E:/HWer/gnu_arm_embedded_toolchain/bin/../lib/gcc/arm-none-eabi/14.3.1/thumb/v7-m/nofp/crtend.o
 .ARM.attributes
                0x000006a9       0x1d E:/HWer/gnu_arm_embedded_toolchain/bin/../lib/gcc/arm-none-eabi/14.3.1/thumb/v7-m/nofp/crtn.o
OUTPUT(C:\Users\vulpex\Desktop\RM\2025EC\1st\hw01\build\hw01.elf elf32-littlearm)
LOAD linker stubs
LOAD E:/HWer/gnu_arm_embedded_toolchain/bin/../lib/gcc/arm-none-eabi/14.3.1/../../../../arm-none-eabi/lib/thumb/v7-m/nofp\libc.a
LOAD E:/HWer/gnu_arm_embedded_toolchain/bin/../lib/gcc/arm-none-eabi/14.3.1/../../../../arm-none-eabi/lib/thumb/v7-m/nofp\libm.a
LOAD E:/HWer/gnu_arm_embedded_toolchain/bin/../lib/gcc/arm-none-eabi/14.3.1/thumb/v7-m/nofp\libgcc.a

.debug_info     0x00000000    0x10a40
 .debug_info    0x00000000      0x867 CMakeFiles/hw01.dir/Core/Src/can.c.obj
 .debug_info    0x00000867      0x2cf CMakeFiles/hw01.dir/Core/Src/dma.c.obj
 .debug_info    0x00000b36      0x2d3 CMakeFiles/hw01.dir/Core/Src/gpio.c.obj
 .debug_info    0x00000e09      0x2ff CMakeFiles/hw01.dir/Core/Src/main.c.obj
 .debug_info    0x00001108      0x1f1 CMakeFiles/hw01.dir/Core/Src/stm32f1xx_hal_msp.c.obj
 .debug_info    0x000012f9      0xdba CMakeFiles/hw01.dir/Core/Src/stm32f1xx_it.c.obj
 .debug_info    0x000020b3      0x222 CMakeFiles/hw01.dir/Core/Src/system_stm32f1xx.c.obj
 .debug_info    0x000022d5      0x9bb CMakeFiles/hw01.dir/Core/Src/tim.c.obj
 .debug_info    0x00002c90      0x9ed CMakeFiles/hw01.dir/Core/Src/usart.c.obj
 .debug_info    0x0000367d     0x276f CMakeFiles/hw01.dir/Tasks/main_task.cpp.obj
 .debug_info    0x00005dec      0x892 CMakeFiles/hw01.dir/Resources/HW_can.cpp.obj
 .debug_info    0x0000667e       0x30 CMakeFiles/hw01.dir/startup_stm32f103xb.s.obj
 .debug_info    0x000066ae      0x73b libdrivers.a(stm32f1xx_hal.c.obj)
 .debug_info    0x00006de9      0xf2f libdrivers.a(stm32f1xx_hal_can.c.obj)
 .debug_info    0x00007d18      0xaa1 libdrivers.a(stm32f1xx_hal_cortex.c.obj)
 .debug_info    0x000087b9      0x707 libdrivers.a(stm32f1xx_hal_dma.c.obj)
 .debug_info    0x00008ec0      0x5dc libdrivers.a(stm32f1xx_hal_gpio.c.obj)
 .debug_info    0x0000949c      0x7f0 libdrivers.a(stm32f1xx_hal_rcc.c.obj)
 .debug_info    0x00009c8c     0x29c3 libdrivers.a(stm32f1xx_hal_tim.c.obj)
 .debug_info    0x0000c64f     0x14ef libdrivers.a(stm32f1xx_hal_tim_ex.c.obj)
 .debug_info    0x0000db3e     0x2f02 libdrivers.a(stm32f1xx_hal_uart.c.obj)

.debug_abbrev   0x00000000     0x2a3b
 .debug_abbrev  0x00000000      0x232 CMakeFiles/hw01.dir/Core/Src/can.c.obj
 .debug_abbrev  0x00000232       0xfc CMakeFiles/hw01.dir/Core/Src/dma.c.obj
 .debug_abbrev  0x0000032e      0x13f CMakeFiles/hw01.dir/Core/Src/gpio.c.obj
 .debug_abbrev  0x0000046d      0x186 CMakeFiles/hw01.dir/Core/Src/main.c.obj
 .debug_abbrev  0x000005f3       0xdb CMakeFiles/hw01.dir/Core/Src/stm32f1xx_hal_msp.c.obj
 .debug_abbrev  0x000006ce      0x20d CMakeFiles/hw01.dir/Core/Src/stm32f1xx_it.c.obj
 .debug_abbrev  0x000008db      0x13f CMakeFiles/hw01.dir/Core/Src/system_stm32f1xx.c.obj
 .debug_abbrev  0x00000a1a      0x20e CMakeFiles/hw01.dir/Core/Src/tim.c.obj
 .debug_abbrev  0x00000c28      0x221 CMakeFiles/hw01.dir/Core/Src/usart.c.obj
 .debug_abbrev  0x00000e49      0x3ea CMakeFiles/hw01.dir/Tasks/main_task.cpp.obj
 .debug_abbrev  0x00001233      0x1de CMakeFiles/hw01.dir/Resources/HW_can.cpp.obj
 .debug_abbrev  0x00001411       0x24 CMakeFiles/hw01.dir/startup_stm32f103xb.s.obj
 .debug_abbrev  0x00001435      0x209 libdrivers.a(stm32f1xx_hal.c.obj)
 .debug_abbrev  0x0000163e      0x237 libdrivers.a(stm32f1xx_hal_can.c.obj)
 .debug_abbrev  0x00001875      0x2fa libdrivers.a(stm32f1xx_hal_cortex.c.obj)
 .debug_abbrev  0x00001b6f      0x220 libdrivers.a(stm32f1xx_hal_dma.c.obj)
 .debug_abbrev  0x00001d8f      0x1e7 libdrivers.a(stm32f1xx_hal_gpio.c.obj)
 .debug_abbrev  0x00001f76      0x2ad libdrivers.a(stm32f1xx_hal_rcc.c.obj)
 .debug_abbrev  0x00002223      0x28b libdrivers.a(stm32f1xx_hal_tim.c.obj)
 .debug_abbrev  0x000024ae      0x280 libdrivers.a(stm32f1xx_hal_tim_ex.c.obj)
 .debug_abbrev  0x0000272e      0x30d libdrivers.a(stm32f1xx_hal_uart.c.obj)

.debug_aranges  0x00000000      0xe78
 .debug_aranges
                0x00000000       0x30 CMakeFiles/hw01.dir/Core/Src/can.c.obj
 .debug_aranges
                0x00000030       0x20 CMakeFiles/hw01.dir/Core/Src/dma.c.obj
 .debug_aranges
                0x00000050       0x20 CMakeFiles/hw01.dir/Core/Src/gpio.c.obj
 .debug_aranges
                0x00000070       0x38 CMakeFiles/hw01.dir/Core/Src/main.c.obj
 .debug_aranges
                0x000000a8       0x20 CMakeFiles/hw01.dir/Core/Src/stm32f1xx_hal_msp.c.obj
 .debug_aranges
                0x000000c8       0xa0 CMakeFiles/hw01.dir/Core/Src/stm32f1xx_it.c.obj
 .debug_aranges
                0x00000168       0x28 CMakeFiles/hw01.dir/Core/Src/system_stm32f1xx.c.obj
 .debug_aranges
                0x00000190       0x30 CMakeFiles/hw01.dir/Core/Src/tim.c.obj
 .debug_aranges
                0x000001c0       0x38 CMakeFiles/hw01.dir/Core/Src/usart.c.obj
 .debug_aranges
                0x000001f8       0x68 CMakeFiles/hw01.dir/Tasks/main_task.cpp.obj
 .debug_aranges
                0x00000260       0x30 CMakeFiles/hw01.dir/Resources/HW_can.cpp.obj
 .debug_aranges
                0x00000290       0x28 CMakeFiles/hw01.dir/startup_stm32f103xb.s.obj
 .debug_aranges
                0x000002b8       0xe0 libdrivers.a(stm32f1xx_hal.c.obj)
 .debug_aranges
                0x00000398      0x138 libdrivers.a(stm32f1xx_hal_can.c.obj)
 .debug_aranges
                0x000004d0      0x100 libdrivers.a(stm32f1xx_hal_cortex.c.obj)
 .debug_aranges
                0x000005d0       0x80 libdrivers.a(stm32f1xx_hal_dma.c.obj)
 .debug_aranges
                0x00000650       0x58 libdrivers.a(stm32f1xx_hal_gpio.c.obj)
 .debug_aranges
                0x000006a8       0x90 libdrivers.a(stm32f1xx_hal_rcc.c.obj)
 .debug_aranges
                0x00000738      0x3d0 libdrivers.a(stm32f1xx_hal_tim.c.obj)
 .debug_aranges
                0x00000b08      0x168 libdrivers.a(stm32f1xx_hal_tim_ex.c.obj)
 .debug_aranges
                0x00000c70      0x208 libdrivers.a(stm32f1xx_hal_uart.c.obj)

.debug_rnglists
                0x00000000      0xb40
 .debug_rnglists
                0x00000000       0x20 CMakeFiles/hw01.dir/Core/Src/can.c.obj
 .debug_rnglists
                0x00000020       0x13 CMakeFiles/hw01.dir/Core/Src/dma.c.obj
 .debug_rnglists
                0x00000033       0x14 CMakeFiles/hw01.dir/Core/Src/gpio.c.obj
 .debug_rnglists
                0x00000047       0x26 CMakeFiles/hw01.dir/Core/Src/main.c.obj
 .debug_rnglists
                0x0000006d       0x13 CMakeFiles/hw01.dir/Core/Src/stm32f1xx_hal_msp.c.obj
 .debug_rnglists
                0x00000080       0x73 CMakeFiles/hw01.dir/Core/Src/stm32f1xx_it.c.obj
 .debug_rnglists
                0x000000f3       0x1a CMakeFiles/hw01.dir/Core/Src/system_stm32f1xx.c.obj
 .debug_rnglists
                0x0000010d       0x20 CMakeFiles/hw01.dir/Core/Src/tim.c.obj
 .debug_rnglists
                0x0000012d       0x27 CMakeFiles/hw01.dir/Core/Src/usart.c.obj
 .debug_rnglists
                0x00000154       0x4e CMakeFiles/hw01.dir/Tasks/main_task.cpp.obj
 .debug_rnglists
                0x000001a2       0x20 CMakeFiles/hw01.dir/Resources/HW_can.cpp.obj
 .debug_rnglists
                0x000001c2       0x19 CMakeFiles/hw01.dir/startup_stm32f103xb.s.obj
 .debug_rnglists
                0x000001db       0xa3 libdrivers.a(stm32f1xx_hal.c.obj)
 .debug_rnglists
                0x0000027e       0xed libdrivers.a(stm32f1xx_hal_can.c.obj)
 .debug_rnglists
                0x0000036b       0xbb libdrivers.a(stm32f1xx_hal_cortex.c.obj)
 .debug_rnglists
                0x00000426       0x64 libdrivers.a(stm32f1xx_hal_dma.c.obj)
 .debug_rnglists
                0x0000048a       0x40 libdrivers.a(stm32f1xx_hal_gpio.c.obj)
 .debug_rnglists
                0x000004ca       0x6e libdrivers.a(stm32f1xx_hal_rcc.c.obj)
 .debug_rnglists
                0x00000538      0x321 libdrivers.a(stm32f1xx_hal_tim.c.obj)
 .debug_rnglists
                0x00000859      0x127 libdrivers.a(stm32f1xx_hal_tim_ex.c.obj)
 .debug_rnglists
                0x00000980      0x1c0 libdrivers.a(stm32f1xx_hal_uart.c.obj)

.debug_macro    0x00000000    0x1fa19
 .debug_macro   0x00000000      0x1c6 CMakeFiles/hw01.dir/Core/Src/can.c.obj
 .debug_macro   0x000001c6      0xad2 CMakeFiles/hw01.dir/Core/Src/can.c.obj
 .debug_macro   0x00000c98      0x22e CMakeFiles/hw01.dir/Core/Src/can.c.obj
 .debug_macro   0x00000ec6       0x2e CMakeFiles/hw01.dir/Core/Src/can.c.obj
 .debug_macro   0x00000ef4       0x22 CMakeFiles/hw01.dir/Core/Src/can.c.obj
 .debug_macro   0x00000f16       0x22 CMakeFiles/hw01.dir/Core/Src/can.c.obj
 .debug_macro   0x00000f38       0x8e CMakeFiles/hw01.dir/Core/Src/can.c.obj
 .debug_macro   0x00000fc6       0x51 CMakeFiles/hw01.dir/Core/Src/can.c.obj
 .debug_macro   0x00001017      0x103 CMakeFiles/hw01.dir/Core/Src/can.c.obj
 .debug_macro   0x0000111a       0x6a CMakeFiles/hw01.dir/Core/Src/can.c.obj
 .debug_macro   0x00001184      0x1df CMakeFiles/hw01.dir/Core/Src/can.c.obj
 .debug_macro   0x00001363       0x1c CMakeFiles/hw01.dir/Core/Src/can.c.obj
 .debug_macro   0x0000137f       0x22 CMakeFiles/hw01.dir/Core/Src/can.c.obj
 .debug_macro   0x000013a1       0xbd CMakeFiles/hw01.dir/Core/Src/can.c.obj
 .debug_macro   0x0000145e      0xd23 CMakeFiles/hw01.dir/Core/Src/can.c.obj
 .debug_macro   0x00002181     0xe09e CMakeFiles/hw01.dir/Core/Src/can.c.obj
 .debug_macro   0x0001021f       0x6d CMakeFiles/hw01.dir/Core/Src/can.c.obj
 .debug_macro   0x0001028c     0x34a2 CMakeFiles/hw01.dir/Core/Src/can.c.obj
 .debug_macro   0x0001372e      0x190 CMakeFiles/hw01.dir/Core/Src/can.c.obj
 .debug_macro   0x000138be       0x5c CMakeFiles/hw01.dir/Core/Src/can.c.obj
 .debug_macro   0x0001391a      0x5bc CMakeFiles/hw01.dir/Core/Src/can.c.obj
 .debug_macro   0x00013ed6      0x289 CMakeFiles/hw01.dir/Core/Src/can.c.obj
 .debug_macro   0x0001415f      0x1cb CMakeFiles/hw01.dir/Core/Src/can.c.obj
 .debug_macro   0x0001432a      0x114 CMakeFiles/hw01.dir/Core/Src/can.c.obj
 .debug_macro   0x0001443e      0x1b2 CMakeFiles/hw01.dir/Core/Src/can.c.obj
 .debug_macro   0x000145f0       0x27 CMakeFiles/hw01.dir/Core/Src/can.c.obj
 .debug_macro   0x00014617      0x136 CMakeFiles/hw01.dir/Core/Src/can.c.obj
 .debug_macro   0x0001474d      0x1bc CMakeFiles/hw01.dir/Core/Src/can.c.obj
 .debug_macro   0x00014909       0x34 CMakeFiles/hw01.dir/Core/Src/can.c.obj
 .debug_macro   0x0001493d       0x3c CMakeFiles/hw01.dir/Core/Src/can.c.obj
 .debug_macro   0x00014979      0x408 CMakeFiles/hw01.dir/Core/Src/can.c.obj
 .debug_macro   0x00014d81       0x57 CMakeFiles/hw01.dir/Core/Src/can.c.obj
 .debug_macro   0x00014dd8       0x87 CMakeFiles/hw01.dir/Core/Src/can.c.obj
 .debug_macro   0x00014e5f      0x240 CMakeFiles/hw01.dir/Core/Src/can.c.obj
 .debug_macro   0x0001509f      0x140 CMakeFiles/hw01.dir/Core/Src/can.c.obj
 .debug_macro   0x000151df      0x8ed CMakeFiles/hw01.dir/Core/Src/can.c.obj
 .debug_macro   0x00015acc      0x28e CMakeFiles/hw01.dir/Core/Src/can.c.obj
 .debug_macro   0x00015d5a       0x83 CMakeFiles/hw01.dir/Core/Src/can.c.obj
 .debug_macro   0x00015ddd       0x10 CMakeFiles/hw01.dir/Core/Src/can.c.obj
 .debug_macro   0x00015ded      0x1c6 CMakeFiles/hw01.dir/Core/Src/dma.c.obj
 .debug_macro   0x00015fb3      0x1c6 CMakeFiles/hw01.dir/Core/Src/gpio.c.obj
 .debug_macro   0x00016179      0x1fc CMakeFiles/hw01.dir/Core/Src/main.c.obj
 .debug_macro   0x00016375      0x1bc CMakeFiles/hw01.dir/Core/Src/stm32f1xx_hal_msp.c.obj
 .debug_macro   0x00016531      0x1c6 CMakeFiles/hw01.dir/Core/Src/stm32f1xx_it.c.obj
 .debug_macro   0x000166f7      0x1ad CMakeFiles/hw01.dir/Core/Src/system_stm32f1xx.c.obj
 .debug_macro   0x000168a4      0x1c6 CMakeFiles/hw01.dir/Core/Src/tim.c.obj
 .debug_macro   0x00016a6a      0x1c6 CMakeFiles/hw01.dir/Core/Src/usart.c.obj
 .debug_macro   0x00016c30      0x54f CMakeFiles/hw01.dir/Tasks/main_task.cpp.obj
 .debug_macro   0x0001717f      0xc76 CMakeFiles/hw01.dir/Tasks/main_task.cpp.obj
 .debug_macro   0x00017df5       0x1c CMakeFiles/hw01.dir/Tasks/main_task.cpp.obj
 .debug_macro   0x00017e11       0x8e CMakeFiles/hw01.dir/Tasks/main_task.cpp.obj
 .debug_macro   0x00017e9f      0xd23 CMakeFiles/hw01.dir/Tasks/main_task.cpp.obj
 .debug_macro   0x00018bc2      0x197 CMakeFiles/hw01.dir/Tasks/main_task.cpp.obj
 .debug_macro   0x00018d59      0x1f2 CMakeFiles/hw01.dir/Tasks/main_task.cpp.obj
 .debug_macro   0x00018f4b       0x10 CMakeFiles/hw01.dir/Tasks/main_task.cpp.obj
 .debug_macro   0x00018f5b       0xcf CMakeFiles/hw01.dir/Tasks/main_task.cpp.obj
 .debug_macro   0x0001902a       0xed CMakeFiles/hw01.dir/Tasks/main_task.cpp.obj
 .debug_macro   0x00019117      0x45d CMakeFiles/hw01.dir/Tasks/main_task.cpp.obj
 .debug_macro   0x00019574      0x89a CMakeFiles/hw01.dir/Tasks/main_task.cpp.obj
 .debug_macro   0x00019e0e       0x12 CMakeFiles/hw01.dir/Tasks/main_task.cpp.obj
 .debug_macro   0x00019e20       0x7b CMakeFiles/hw01.dir/Tasks/main_task.cpp.obj
 .debug_macro   0x00019e9b       0x34 CMakeFiles/hw01.dir/Tasks/main_task.cpp.obj
 .debug_macro   0x00019ecf      0x380 CMakeFiles/hw01.dir/Tasks/main_task.cpp.obj
 .debug_macro   0x0001a24f       0x4a CMakeFiles/hw01.dir/Tasks/main_task.cpp.obj
 .debug_macro   0x0001a299      0x194 CMakeFiles/hw01.dir/Tasks/main_task.cpp.obj
 .debug_macro   0x0001a42d       0x10 CMakeFiles/hw01.dir/Tasks/main_task.cpp.obj
 .debug_macro   0x0001a43d       0x3c CMakeFiles/hw01.dir/Tasks/main_task.cpp.obj
 .debug_macro   0x0001a479       0x10 CMakeFiles/hw01.dir/Tasks/main_task.cpp.obj
 .debug_macro   0x0001a489       0x16 CMakeFiles/hw01.dir/Tasks/main_task.cpp.obj
 .debug_macro   0x0001a49f      0x8a8 CMakeFiles/hw01.dir/Tasks/main_task.cpp.obj
 .debug_macro   0x0001ad47      0x4f5 CMakeFiles/hw01.dir/Tasks/main_task.cpp.obj
 .debug_macro   0x0001b23c       0x16 CMakeFiles/hw01.dir/Tasks/main_task.cpp.obj
 .debug_macro   0x0001b252      0x89a CMakeFiles/hw01.dir/Tasks/main_task.cpp.obj
 .debug_macro   0x0001baec       0x1c CMakeFiles/hw01.dir/Tasks/main_task.cpp.obj
 .debug_macro   0x0001bb08       0x4f CMakeFiles/hw01.dir/Tasks/main_task.cpp.obj
 .debug_macro   0x0001bb57       0x94 CMakeFiles/hw01.dir/Tasks/main_task.cpp.obj
 .debug_macro   0x0001bbeb      0x915 CMakeFiles/hw01.dir/Tasks/main_task.cpp.obj
 .debug_macro   0x0001c500       0x1f CMakeFiles/hw01.dir/Tasks/main_task.cpp.obj
 .debug_macro   0x0001c51f       0x10 CMakeFiles/hw01.dir/Tasks/main_task.cpp.obj
 .debug_macro   0x0001c52f      0x7fc CMakeFiles/hw01.dir/Tasks/main_task.cpp.obj
 .debug_macro   0x0001cd2b       0x10 CMakeFiles/hw01.dir/Tasks/main_task.cpp.obj
 .debug_macro   0x0001cd3b      0x7f5 CMakeFiles/hw01.dir/Tasks/main_task.cpp.obj
 .debug_macro   0x0001d530       0x28 CMakeFiles/hw01.dir/Tasks/main_task.cpp.obj
 .debug_macro   0x0001d558       0x2e CMakeFiles/hw01.dir/Tasks/main_task.cpp.obj
 .debug_macro   0x0001d586       0x16 CMakeFiles/hw01.dir/Tasks/main_task.cpp.obj
 .debug_macro   0x0001d59c      0x7fc CMakeFiles/hw01.dir/Tasks/main_task.cpp.obj
 .debug_macro   0x0001dd98       0x12 CMakeFiles/hw01.dir/Tasks/main_task.cpp.obj
 .debug_macro   0x0001ddaa       0x88 CMakeFiles/hw01.dir/Tasks/main_task.cpp.obj
 .debug_macro   0x0001de32       0x28 CMakeFiles/hw01.dir/Tasks/main_task.cpp.obj
 .debug_macro   0x0001de5a      0x7ee CMakeFiles/hw01.dir/Tasks/main_task.cpp.obj
 .debug_macro   0x0001e648       0x12 CMakeFiles/hw01.dir/Tasks/main_task.cpp.obj
 .debug_macro   0x0001e65a      0x158 CMakeFiles/hw01.dir/Tasks/main_task.cpp.obj
 .debug_macro   0x0001e7b2       0x11 CMakeFiles/hw01.dir/Tasks/main_task.cpp.obj
 .debug_macro   0x0001e7c3       0x17 CMakeFiles/hw01.dir/Tasks/main_task.cpp.obj
 .debug_macro   0x0001e7da       0x17 CMakeFiles/hw01.dir/Tasks/main_task.cpp.obj
 .debug_macro   0x0001e7f1       0x17 CMakeFiles/hw01.dir/Tasks/main_task.cpp.obj
 .debug_macro   0x0001e808       0x17 CMakeFiles/hw01.dir/Tasks/main_task.cpp.obj
 .debug_macro   0x0001e81f       0x17 CMakeFiles/hw01.dir/Tasks/main_task.cpp.obj
 .debug_macro   0x0001e836       0x17 CMakeFiles/hw01.dir/Tasks/main_task.cpp.obj
 .debug_macro   0x0001e84d       0x16 CMakeFiles/hw01.dir/Tasks/main_task.cpp.obj
 .debug_macro   0x0001e863       0x16 CMakeFiles/hw01.dir/Tasks/main_task.cpp.obj
 .debug_macro   0x0001e879      0x1d9 CMakeFiles/hw01.dir/Resources/HW_can.cpp.obj
 .debug_macro   0x0001ea52      0x1d1 libdrivers.a(stm32f1xx_hal.c.obj)
 .debug_macro   0x0001ec23      0x1bc libdrivers.a(stm32f1xx_hal_can.c.obj)
 .debug_macro   0x0001eddf      0x1ad libdrivers.a(stm32f1xx_hal_cortex.c.obj)
 .debug_macro   0x0001ef8c      0x1ad libdrivers.a(stm32f1xx_hal_dma.c.obj)
 .debug_macro   0x0001f139      0x218 libdrivers.a(stm32f1xx_hal_gpio.c.obj)
 .debug_macro   0x0001f351      0x1bf libdrivers.a(stm32f1xx_hal_rcc.c.obj)
 .debug_macro   0x0001f510      0x1ae libdrivers.a(stm32f1xx_hal_tim.c.obj)
 .debug_macro   0x0001f6be      0x1ad libdrivers.a(stm32f1xx_hal_tim_ex.c.obj)
 .debug_macro   0x0001f86b      0x1ae libdrivers.a(stm32f1xx_hal_uart.c.obj)

.debug_line     0x00000000    0x12391
 .debug_line    0x00000000      0x627 CMakeFiles/hw01.dir/Core/Src/can.c.obj
 .debug_line    0x00000627      0x5ae CMakeFiles/hw01.dir/Core/Src/dma.c.obj
 .debug_line    0x00000bd5      0x5d7 CMakeFiles/hw01.dir/Core/Src/gpio.c.obj
 .debug_line    0x000011ac      0x6a6 CMakeFiles/hw01.dir/Core/Src/main.c.obj
 .debug_line    0x00001852      0x5ae CMakeFiles/hw01.dir/Core/Src/stm32f1xx_hal_msp.c.obj
 .debug_line    0x00001e00      0x71b CMakeFiles/hw01.dir/Core/Src/stm32f1xx_it.c.obj
 .debug_line    0x0000251b      0x62b CMakeFiles/hw01.dir/Core/Src/system_stm32f1xx.c.obj
 .debug_line    0x00002b46      0x626 CMakeFiles/hw01.dir/Core/Src/tim.c.obj
 .debug_line    0x0000316c      0x738 CMakeFiles/hw01.dir/Core/Src/usart.c.obj
 .debug_line    0x000038a4      0xf28 CMakeFiles/hw01.dir/Tasks/main_task.cpp.obj
 .debug_line    0x000047cc      0x675 CMakeFiles/hw01.dir/Resources/HW_can.cpp.obj
 .debug_line    0x00004e41       0x78 CMakeFiles/hw01.dir/startup_stm32f103xb.s.obj
 .debug_line    0x00004eb9      0x870 libdrivers.a(stm32f1xx_hal.c.obj)
 .debug_line    0x00005729     0x126f libdrivers.a(stm32f1xx_hal_can.c.obj)
 .debug_line    0x00006998      0xab3 libdrivers.a(stm32f1xx_hal_cortex.c.obj)
 .debug_line    0x0000744b      0xd42 libdrivers.a(stm32f1xx_hal_dma.c.obj)
 .debug_line    0x0000818d      0xa0f libdrivers.a(stm32f1xx_hal_gpio.c.obj)
 .debug_line    0x00008b9c      0xeea libdrivers.a(stm32f1xx_hal_rcc.c.obj)
 .debug_line    0x00009a86     0x4932 libdrivers.a(stm32f1xx_hal_tim.c.obj)
 .debug_line    0x0000e3b8     0x1b13 libdrivers.a(stm32f1xx_hal_tim_ex.c.obj)
 .debug_line    0x0000fecb     0x24c6 libdrivers.a(stm32f1xx_hal_uart.c.obj)

.debug_str      0x00000000    0x97381
 .debug_str     0x00000000    0x97381 CMakeFiles/hw01.dir/Core/Src/can.c.obj
                              0x86009 (size before relaxing)
 .debug_str     0x00097381    0x85c76 CMakeFiles/hw01.dir/Core/Src/dma.c.obj
 .debug_str     0x00097381    0x85a18 CMakeFiles/hw01.dir/Core/Src/gpio.c.obj
 .debug_str     0x00097381    0x85b97 CMakeFiles/hw01.dir/Core/Src/main.c.obj
 .debug_str     0x00097381    0x859a0 CMakeFiles/hw01.dir/Core/Src/stm32f1xx_hal_msp.c.obj
 .debug_str     0x00097381    0x8644e CMakeFiles/hw01.dir/Core/Src/stm32f1xx_it.c.obj
 .debug_str     0x00097381    0x859a3 CMakeFiles/hw01.dir/Core/Src/system_stm32f1xx.c.obj
 .debug_str     0x00097381    0x862c1 CMakeFiles/hw01.dir/Core/Src/tim.c.obj
 .debug_str     0x00097381    0x861ee CMakeFiles/hw01.dir/Core/Src/usart.c.obj
 .debug_str     0x00097381    0x94130 CMakeFiles/hw01.dir/Tasks/main_task.cpp.obj
 .debug_str     0x00097381    0x86915 CMakeFiles/hw01.dir/Resources/HW_can.cpp.obj
 .debug_str     0x00097381       0x94 CMakeFiles/hw01.dir/startup_stm32f103xb.s.obj
 .debug_str     0x00097381    0x860f6 libdrivers.a(stm32f1xx_hal.c.obj)
 .debug_str     0x00097381    0x861b9 libdrivers.a(stm32f1xx_hal_can.c.obj)
 .debug_str     0x00097381    0x86030 libdrivers.a(stm32f1xx_hal_cortex.c.obj)
 .debug_str     0x00097381    0x85d6c libdrivers.a(stm32f1xx_hal_dma.c.obj)
 .debug_str     0x00097381    0x85d49 libdrivers.a(stm32f1xx_hal_gpio.c.obj)
 .debug_str     0x00097381    0x85de0 libdrivers.a(stm32f1xx_hal_rcc.c.obj)
 .debug_str     0x00097381    0x86df4 libdrivers.a(stm32f1xx_hal_tim.c.obj)
 .debug_str     0x00097381    0x86600 libdrivers.a(stm32f1xx_hal_tim_ex.c.obj)
 .debug_str     0x00097381    0x86451 libdrivers.a(stm32f1xx_hal_uart.c.obj)

.comment        0x00000000       0x46
 .comment       0x00000000       0x46 CMakeFiles/hw01.dir/Core/Src/can.c.obj
                                 0x47 (size before relaxing)
 .comment       0x00000046       0x47 CMakeFiles/hw01.dir/Core/Src/dma.c.obj
 .comment       0x00000046       0x47 CMakeFiles/hw01.dir/Core/Src/gpio.c.obj
 .comment       0x00000046       0x47 CMakeFiles/hw01.dir/Core/Src/main.c.obj
 .comment       0x00000046       0x47 CMakeFiles/hw01.dir/Core/Src/stm32f1xx_hal_msp.c.obj
 .comment       0x00000046       0x47 CMakeFiles/hw01.dir/Core/Src/stm32f1xx_it.c.obj
 .comment       0x00000046       0x47 CMakeFiles/hw01.dir/Core/Src/system_stm32f1xx.c.obj
 .comment       0x00000046       0x47 CMakeFiles/hw01.dir/Core/Src/tim.c.obj
 .comment       0x00000046       0x47 CMakeFiles/hw01.dir/Core/Src/usart.c.obj
 .comment       0x00000046       0x47 CMakeFiles/hw01.dir/Tasks/main_task.cpp.obj
 .comment       0x00000046       0x47 CMakeFiles/hw01.dir/Resources/HW_can.cpp.obj
 .comment       0x00000046       0x47 libdrivers.a(stm32f1xx_hal.c.obj)
 .comment       0x00000046       0x47 libdrivers.a(stm32f1xx_hal_can.c.obj)
 .comment       0x00000046       0x47 libdrivers.a(stm32f1xx_hal_cortex.c.obj)
 .comment       0x00000046       0x47 libdrivers.a(stm32f1xx_hal_dma.c.obj)
 .comment       0x00000046       0x47 libdrivers.a(stm32f1xx_hal_gpio.c.obj)
 .comment       0x00000046       0x47 libdrivers.a(stm32f1xx_hal_rcc.c.obj)
 .comment       0x00000046       0x47 libdrivers.a(stm32f1xx_hal_tim.c.obj)
 .comment       0x00000046       0x47 libdrivers.a(stm32f1xx_hal_tim_ex.c.obj)
 .comment       0x00000046       0x47 libdrivers.a(stm32f1xx_hal_uart.c.obj)

.debug_frame    0x00000000     0x3e84
 .debug_frame   0x00000000       0x74 CMakeFiles/hw01.dir/Core/Src/can.c.obj
 .debug_frame   0x00000074       0x34 CMakeFiles/hw01.dir/Core/Src/dma.c.obj
 .debug_frame   0x000000a8       0x34 CMakeFiles/hw01.dir/Core/Src/gpio.c.obj
 .debug_frame   0x000000dc       0x90 CMakeFiles/hw01.dir/Core/Src/main.c.obj
 .debug_frame   0x0000016c       0x38 CMakeFiles/hw01.dir/Core/Src/stm32f1xx_hal_msp.c.obj
 .debug_frame   0x000001a4      0x1e4 CMakeFiles/hw01.dir/Core/Src/stm32f1xx_it.c.obj
 .debug_frame   0x00000388       0x58 CMakeFiles/hw01.dir/Core/Src/system_stm32f1xx.c.obj
 .debug_frame   0x000003e0       0x7c CMakeFiles/hw01.dir/Core/Src/tim.c.obj
 .debug_frame   0x0000045c       0x94 CMakeFiles/hw01.dir/Core/Src/usart.c.obj
 .debug_frame   0x000004f0      0x164 CMakeFiles/hw01.dir/Tasks/main_task.cpp.obj
 .debug_frame   0x00000654       0x7c CMakeFiles/hw01.dir/Resources/HW_can.cpp.obj
 .debug_frame   0x000006d0      0x334 libdrivers.a(stm32f1xx_hal.c.obj)
 .debug_frame   0x00000a04      0x58c libdrivers.a(stm32f1xx_hal_can.c.obj)
 .debug_frame   0x00000f90      0x424 libdrivers.a(stm32f1xx_hal_cortex.c.obj)
 .debug_frame   0x000013b4      0x200 libdrivers.a(stm32f1xx_hal_dma.c.obj)
 .debug_frame   0x000015b4      0x138 libdrivers.a(stm32f1xx_hal_gpio.c.obj)
 .debug_frame   0x000016ec      0x214 libdrivers.a(stm32f1xx_hal_rcc.c.obj)
 .debug_frame   0x00001900     0x11b0 libdrivers.a(stm32f1xx_hal_tim.c.obj)
 .debug_frame   0x00002ab0      0x624 libdrivers.a(stm32f1xx_hal_tim_ex.c.obj)
 .debug_frame   0x000030d4      0x938 libdrivers.a(stm32f1xx_hal_uart.c.obj)
 .debug_frame   0x00003a0c       0x38 E:/HWer/gnu_arm_embedded_toolchain/bin/../lib/gcc/arm-none-eabi/14.3.1/../../../../arm-none-eabi/lib/thumb/v7-m/nofp\libm.a(libm_a-sf_sin.o)
 .debug_frame   0x00003a44       0x34 E:/HWer/gnu_arm_embedded_toolchain/bin/../lib/gcc/arm-none-eabi/14.3.1/../../../../arm-none-eabi/lib/thumb/v7-m/nofp\libm.a(libm_a-kf_cos.o)
 .debug_frame   0x00003a78       0x34 E:/HWer/gnu_arm_embedded_toolchain/bin/../lib/gcc/arm-none-eabi/14.3.1/../../../../arm-none-eabi/lib/thumb/v7-m/nofp\libm.a(libm_a-kf_sin.o)
 .debug_frame   0x00003aac       0x48 E:/HWer/gnu_arm_embedded_toolchain/bin/../lib/gcc/arm-none-eabi/14.3.1/../../../../arm-none-eabi/lib/thumb/v7-m/nofp\libm.a(libm_a-ef_rem_pio2.o)
 .debug_frame   0x00003af4       0x20 E:/HWer/gnu_arm_embedded_toolchain/bin/../lib/gcc/arm-none-eabi/14.3.1/../../../../arm-none-eabi/lib/thumb/v7-m/nofp\libm.a(libm_a-sf_fabs.o)
 .debug_frame   0x00003b14       0x50 E:/HWer/gnu_arm_embedded_toolchain/bin/../lib/gcc/arm-none-eabi/14.3.1/../../../../arm-none-eabi/lib/thumb/v7-m/nofp\libm.a(libm_a-kf_rem_pio2.o)
 .debug_frame   0x00003b64       0x28 E:/HWer/gnu_arm_embedded_toolchain/bin/../lib/gcc/arm-none-eabi/14.3.1/../../../../arm-none-eabi/lib/thumb/v7-m/nofp\libm.a(libm_a-sf_scalbn.o)
 .debug_frame   0x00003b8c       0x30 E:/HWer/gnu_arm_embedded_toolchain/bin/../lib/gcc/arm-none-eabi/14.3.1/../../../../arm-none-eabi/lib/thumb/v7-m/nofp\libm.a(libm_a-sf_floor.o)
 .debug_frame   0x00003bbc       0x20 E:/HWer/gnu_arm_embedded_toolchain/bin/../lib/gcc/arm-none-eabi/14.3.1/../../../../arm-none-eabi/lib/thumb/v7-m/nofp\libc_nano.a(libc_a-memset.o)
 .debug_frame   0x00003bdc       0x2c E:/HWer/gnu_arm_embedded_toolchain/bin/../lib/gcc/arm-none-eabi/14.3.1/../../../../arm-none-eabi/lib/thumb/v7-m/nofp\libc_nano.a(libc_a-init.o)
 .debug_frame   0x00003c08       0x24 E:/HWer/gnu_arm_embedded_toolchain/bin/../lib/gcc/arm-none-eabi/14.3.1/thumb/v7-m/nofp\libgcc.a(_arm_mulsf3.o)
 .debug_frame   0x00003c2c       0xac E:/HWer/gnu_arm_embedded_toolchain/bin/../lib/gcc/arm-none-eabi/14.3.1/thumb/v7-m/nofp\libgcc.a(_arm_addsubdf3.o)
 .debug_frame   0x00003cd8       0x50 E:/HWer/gnu_arm_embedded_toolchain/bin/../lib/gcc/arm-none-eabi/14.3.1/thumb/v7-m/nofp\libgcc.a(_arm_muldivdf3.o)
 .debug_frame   0x00003d28       0x24 E:/HWer/gnu_arm_embedded_toolchain/bin/../lib/gcc/arm-none-eabi/14.3.1/thumb/v7-m/nofp\libgcc.a(_arm_truncdfsf2.o)
 .debug_frame   0x00003d4c       0x4c E:/HWer/gnu_arm_embedded_toolchain/bin/../lib/gcc/arm-none-eabi/14.3.1/thumb/v7-m/nofp\libgcc.a(_arm_addsubsf3.o)
 .debug_frame   0x00003d98       0xc8 E:/HWer/gnu_arm_embedded_toolchain/bin/../lib/gcc/arm-none-eabi/14.3.1/thumb/v7-m/nofp\libgcc.a(_arm_cmpsf2.o)
 .debug_frame   0x00003e60       0x24 E:/HWer/gnu_arm_embedded_toolchain/bin/../lib/gcc/arm-none-eabi/14.3.1/thumb/v7-m/nofp\libgcc.a(_arm_fixsfsi.o)

.debug_line_str
                0x00000000      0x14f
 .debug_line_str
                0x00000000      0x14f CMakeFiles/hw01.dir/startup_stm32f103xb.s.obj
                                 0x78 (size before relaxing)
 .debug_line_str
                0x0000014f       0xca E:/HWer/gnu_arm_embedded_toolchain/bin/../lib/gcc/arm-none-eabi/14.3.1/thumb/v7-m/nofp\libgcc.a(_arm_mulsf3.o)
 .debug_line_str
                0x0000014f       0xca E:/HWer/gnu_arm_embedded_toolchain/bin/../lib/gcc/arm-none-eabi/14.3.1/thumb/v7-m/nofp\libgcc.a(_arm_addsubdf3.o)
 .debug_line_str
                0x0000014f       0xca E:/HWer/gnu_arm_embedded_toolchain/bin/../lib/gcc/arm-none-eabi/14.3.1/thumb/v7-m/nofp\libgcc.a(_arm_muldivdf3.o)
 .debug_line_str
                0x0000014f       0xca E:/HWer/gnu_arm_embedded_toolchain/bin/../lib/gcc/arm-none-eabi/14.3.1/thumb/v7-m/nofp\libgcc.a(_arm_truncdfsf2.o)
 .debug_line_str
                0x0000014f       0xca E:/HWer/gnu_arm_embedded_toolchain/bin/../lib/gcc/arm-none-eabi/14.3.1/thumb/v7-m/nofp\libgcc.a(_arm_addsubsf3.o)
 .debug_line_str
                0x0000014f       0xca E:/HWer/gnu_arm_embedded_toolchain/bin/../lib/gcc/arm-none-eabi/14.3.1/thumb/v7-m/nofp\libgcc.a(_arm_cmpsf2.o)
 .debug_line_str
                0x0000014f       0xca E:/HWer/gnu_arm_embedded_toolchain/bin/../lib/gcc/arm-none-eabi/14.3.1/thumb/v7-m/nofp\libgcc.a(_arm_fixsfsi.o)
